============================= test session starts ==============================
platform linux -- Python 3.12.3, pytest-9.0.2, pluggy-1.6.0 -- /usr/bin/python
cachedir: .pytest_cache
rootdir: /home/runner/work/Medusa/Medusa
configfile: setup.cfg
plugins: tornado-0.8.1, flake8-1.3.0, cov-7.0.0, requests-mock-1.12.1
collecting ... collected 1106 items

tests/apiv2/test_auth.py::test_no_api_key PASSED                         [  0%]
tests/apiv2/test_auth.py::test_bad_api_key PASSED                        [  0%]
tests/apiv2/test_config.py::test_config_get PASSED                       [  0%]
tests/apiv2/test_config.py::test_config_get_detailed[defaultPage] PASSED [  0%]
tests/apiv2/test_config.py::test_config_get_detailed[wikiUrl] PASSED     [  0%]
tests/apiv2/test_config.py::test_config_get_detailed[sslVerify] PASSED   [  0%]
tests/apiv2/test_config.py::test_config_get_detailed_bad_request PASSED  [  0%]
tests/apiv2/test_config.py::test_config_get_not_found PASSED             [  0%]
tests/apiv2/test_config.py::test_config_get_consts PASSED                [  0%]
tests/apiv2/test_config.py::test_config_get_metadata PASSED              [  0%]
tests/apiv2/test_config.py::test_config_get_system PASSED                [  0%]
tests/apiv2/test_config.py::test_config_get_postprocessing PASSED        [  1%]
tests/apiv2/test_config.py::test_config_get_clients PASSED               [  1%]
tests/apiv2/test_config.py::test_config_get_notifiers PASSED             [  1%]
tests/apiv2/test_config.py::test_config_get_search PASSED                [  1%]
tests/apiv2/test_config.py::test_config_get_layout PASSED                [  1%]
tests/apiv2/test_config.py::test_config_get_subtitles PASSED             [  1%]
tests/apiv2/test_log.py::test_log_get PASSED                             [  1%]
tests/apiv2/test_log.py::test_log_get_pagination PASSED                  [  1%]
tests/apiv2/test_log.py::test_log_post PASSED                            [  1%]
tests/apiv2/test_series.py::test_show_get_no_series PASSED               [  1%]
tests/clients/test_clients.py::test_get_client_module[p0] PASSED         [  1%]
tests/clients/test_clients.py::test_get_client_module[p1] PASSED         [  2%]
tests/clients/test_clients.py::test_get_client_module[p2] PASSED         [  2%]
tests/clients/test_clients.py::test_get_client_module[p3] PASSED         [  2%]
tests/clients/test_clients.py::test_get_client_module[p4] PASSED         [  2%]
tests/clients/test_clients.py::test_get_client_module[p5] PASSED         [  2%]
tests/clients/test_clients.py::test_get_client_module[p6] PASSED         [  2%]
tests/clients/test_clients.py::test_get_client_module[p7] PASSED         [  2%]
tests/clients/test_clients.py::test_get_client_module__non_existent PASSED [  2%]
tests/clients/test_clients.py::test_get_client_class[p0] PASSED          [  2%]
tests/clients/test_clients.py::test_get_client_class[p1] PASSED          [  2%]
tests/clients/test_clients.py::test_get_client_class[p2] PASSED          [  2%]
tests/clients/test_clients.py::test_get_client_class[p3] PASSED          [  3%]
tests/clients/test_clients.py::test_get_client_class[p4] PASSED          [  3%]
tests/clients/test_clients.py::test_get_client_class[p5] PASSED          [  3%]
tests/clients/test_clients.py::test_get_client_class[p6] PASSED          [  3%]
tests/clients/test_clients.py::test_get_client_class[p7] PASSED          [  3%]
tests/clients/test_rss.py::test_add_result_to_feed PASSED                [  3%]
tests/helper/test_common.py::test_http_code_description[p0] PASSED       [  3%]
tests/helper/test_common.py::test_http_code_description[p1] PASSED       [  3%]
tests/helper/test_common.py::test_is_sync_file[p0] PASSED                [  3%]
tests/helper/test_common.py::test_is_sync_file[p1] PASSED                [  3%]
tests/helper/test_common.py::test_is_torrent_or_nzb_file[p0] PASSED      [  3%]
tests/helper/test_common.py::test_is_torrent_or_nzb_file[p1] PASSED      [  4%]
tests/helper/test_common.py::test_pretty_file_size[p0] PASSED            [  4%]
tests/helper/test_common.py::test_pretty_file_size[p1] PASSED            [  4%]
tests/helper/test_common.py::test_remove_extension[p0] PASSED            [  4%]
tests/helper/test_common.py::test_remove_extension[p1] PASSED            [  4%]
tests/helper/test_common.py::test_replace_extension[p0] PASSED           [  4%]
tests/helper/test_common.py::test_replace_extension[p1] PASSED           [  4%]
tests/helper/test_common.py::test_sanitize_filename[None-] PASSED        [  4%]
tests/helper/test_common.py::test_sanitize_filename[42-] PASSED          [  4%]
tests/helper/test_common.py::test_sanitize_filename[-0] PASSED           [  4%]
tests/helper/test_common.py::test_sanitize_filename[-1] PASSED           [  4%]
tests/helper/test_common.py::test_sanitize_filename[filename-filename] PASSED [  5%]
tests/helper/test_common.py::test_sanitize_filename[fi\\le/na*me-fi-le-na-me] PASSED [  5%]
tests/helper/test_common.py::test_sanitize_filename[fi:le"na<me-filename] PASSED [  5%]
tests/helper/test_common.py::test_sanitize_filename[fi>le|na?me-filename] PASSED [  5%]
tests/helper/test_common.py::test_sanitize_filename[ . file\u2122name. .-filename] PASSED [  5%]
tests/helper/test_common.py::test_sanitize_filename[ . file\tname. .-filename] PASSED [  5%]
tests/helper/test_common.py::test_sanitize_filename[ . file\x00as\x08df\x1fname. .-fileasdfname] PASSED [  5%]
tests/helper/test_common.py::test_try_int[None-0] PASSED                 [  5%]
tests/helper/test_common.py::test_try_int[-0_0] PASSED                   [  5%]
tests/helper/test_common.py::test_try_int[123-123_0] PASSED              [  5%]
tests/helper/test_common.py::test_try_int[-123--123_0] PASSED            [  5%]
tests/helper/test_common.py::test_try_int[12.3-0_0] PASSED               [  6%]
tests/helper/test_common.py::test_try_int[-12.3-0_0] PASSED              [  6%]
tests/helper/test_common.py::test_try_int[0-0] PASSED                    [  6%]
tests/helper/test_common.py::test_try_int[123-123_1] PASSED              [  6%]
tests/helper/test_common.py::test_try_int[-123--123_1] PASSED            [  6%]
tests/helper/test_common.py::test_try_int[12.3-12] PASSED                [  6%]
tests/helper/test_common.py::test_try_int[-12.3--12] PASSED              [  6%]
tests/helper/test_common.py::test_try_int[-0_1] PASSED                   [  6%]
tests/helper/test_common.py::test_try_int[123-123_2] PASSED              [  6%]
tests/helper/test_common.py::test_try_int[-123--123_2] PASSED            [  6%]
tests/helper/test_common.py::test_try_int[12.3-0_1] PASSED               [  6%]
tests/helper/test_common.py::test_try_int[-12.3-0_1] PASSED              [  7%]
tests/helper/test_common.py::test_try_int_with_default[None-<lambda>] PASSED [  7%]
tests/helper/test_common.py::test_try_int_with_default[-<lambda>0] PASSED [  7%]
tests/helper/test_common.py::test_try_int_with_default[123-123_0] PASSED [  7%]
tests/helper/test_common.py::test_try_int_with_default[-123--123_0] PASSED [  7%]
tests/helper/test_common.py::test_try_int_with_default[12.3-<lambda>0] PASSED [  7%]
tests/helper/test_common.py::test_try_int_with_default[-12.3-<lambda>0] PASSED [  7%]
tests/helper/test_common.py::test_try_int_with_default[0-0] PASSED       [  7%]
tests/helper/test_common.py::test_try_int_with_default[123-123_1] PASSED [  7%]
tests/helper/test_common.py::test_try_int_with_default[-123--123_1] PASSED [  7%]
tests/helper/test_common.py::test_try_int_with_default[12.3-12] PASSED   [  7%]
tests/helper/test_common.py::test_try_int_with_default[-12.3--12] PASSED [  8%]
tests/helper/test_common.py::test_try_int_with_default[-<lambda>1] PASSED [  8%]
tests/helper/test_common.py::test_try_int_with_default[123-123_2] PASSED [  8%]
tests/helper/test_common.py::test_try_int_with_default[-123--123_2] PASSED [  8%]
tests/helper/test_common.py::test_try_int_with_default[12.3-<lambda>1] PASSED [  8%]
tests/helper/test_common.py::test_try_int_with_default[-12.3-<lambda>1] PASSED [  8%]
tests/helper/test_common.py::test_convert_size PASSED                    [  8%]
tests/helper/test_common.py::test_episode_num PASSED                     [  8%]
tests/name_parser/test_parse_anime.py::test_anime_parsing[p0] PASSED     [  8%]
tests/name_parser/test_parse_anime.py::test_anime_parsing[p1] PASSED     [  8%]
tests/name_parser/test_parse_anime.py::test_anime_parsing[p2] PASSED     [  8%]
tests/name_parser/test_parse_anime.py::test_anime_parsing[p3] PASSED     [  9%]
tests/name_parser/test_parse_anime.py::test_anime_parsing[p4] PASSED     [  9%]
tests/name_parser/test_parse_anime.py::test_anime_parsing[p5] PASSED     [  9%]
tests/name_parser/test_parse_anime.py::test_anime_parsing[p6] PASSED     [  9%]
tests/name_parser/test_parse_anime.py::test_anime_parsing[p7] PASSED     [  9%]
tests/name_parser/test_parse_anime.py::test_anime_parsing[p8] PASSED     [  9%]
tests/name_parser/test_parse_anime.py::test_anime_parsing[p9] PASSED     [  9%]
tests/name_parser/test_parse_anime.py::test_anime_parsing[p10] PASSED    [  9%]
tests/name_parser/test_parse_anime.py::test_anime_parsing[p11] PASSED    [  9%]
tests/name_parser/test_parse_anime.py::test_anime_parsing[p12] PASSED    [  9%]
tests/name_parser/test_parse_series.py::test_series_parsing[p0] PASSED   [  9%]
tests/name_parser/test_parse_series.py::test_series_parsing[p1] PASSED   [ 10%]
tests/name_parser/test_parse_series.py::test_series_parsing[p2] PASSED   [ 10%]
tests/name_parser/test_parse_series.py::test_series_parsing[p3] PASSED   [ 10%]
tests/name_parser/test_parse_series.py::test_series_parsing[p4] PASSED   [ 10%]
tests/name_parser/test_parse_series.py::test_series_parsing[p5] PASSED   [ 10%]
tests/notifiers/test_emailnotify.py::test__parse_name[p0] PASSED         [ 10%]
tests/notifiers/test_emailnotify.py::test__parse_name[p1] PASSED         [ 10%]
tests/notifiers/test_emailnotify.py::test__parse_name[p2] PASSED         [ 10%]
tests/notifiers/test_emailnotify.py::test__parse_name[p3] PASSED         [ 10%]
tests/notifiers/test_emailnotify.py::test__parse_name[p4] PASSED         [ 10%]
tests/notifiers/test_emailnotify.py::test__parse_name[p5] PASSED         [ 10%]
tests/notifiers/test_emailnotify.py::test__parse_name[p6] PASSED         [ 11%]
tests/notifiers/test_emailnotify.py::test__parse_name[p7] PASSED         [ 11%]
tests/notifiers/test_emailnotify.py::test__parse_name[p8] PASSED         [ 11%]
tests/notifiers/test_emailnotify.py::test__parse_name[p9] PASSED         [ 11%]
tests/notifiers/test_emailnotify.py::test__parse_name[p10] PASSED        [ 11%]
tests/notifiers/test_emailnotify.py::test__parse_name[p11] PASSED        [ 11%]
tests/notifiers/test_emailnotify.py::test__parse_name[p12] PASSED        [ 11%]
tests/notifiers/test_emailnotify.py::test__parse_name[p13] PASSED        [ 11%]
tests/notifiers/test_emailnotify.py::test__parse_name[p14] PASSED        [ 11%]
tests/notifiers/test_emailnotify.py::test__parse_name[p15] PASSED        [ 11%]
tests/notifiers/test_emailnotify.py::test__parse_name[p16] PASSED        [ 11%]
tests/notifiers/test_emailnotify.py::test__generate_recipients[p0] PASSED [ 12%]
tests/notifiers/test_emailnotify.py::test__generate_recipients[p1] PASSED [ 12%]
tests/notifiers/test_emailnotify.py::test__generate_recipients[p2] PASSED [ 12%]
tests/notifiers/test_emailnotify.py::test__generate_recipients[p3] PASSED [ 12%]
tests/providers/test_binsearch_title.py::test_parse_binsearch_title[p0] PASSED [ 12%]
tests/providers/test_binsearch_title.py::test_parse_binsearch_title[p1] PASSED [ 12%]
tests/providers/test_binsearch_title.py::test_parse_binsearch_title[p2] PASSED [ 12%]
tests/providers/test_binsearch_title.py::test_parse_binsearch_title[p3] PASSED [ 12%]
tests/providers/test_binsearch_title.py::test_parse_binsearch_title[p4] PASSED [ 12%]
tests/providers/test_binsearch_title.py::test_parse_binsearch_title[p5] PASSED [ 12%]
tests/providers/test_binsearch_title.py::test_parse_binsearch_title[p6] PASSED [ 12%]
tests/providers/test_binsearch_title.py::test_parse_binsearch_title[p7] PASSED [ 13%]
tests/providers/test_binsearch_title.py::test_parse_binsearch_title[p8] PASSED [ 13%]
tests/providers/test_binsearch_title.py::test_parse_binsearch_title[p9] PASSED [ 13%]
tests/providers/test_binsearch_title.py::test_parse_binsearch_title[p10] PASSED [ 13%]
tests/providers/test_binsearch_title.py::test_parse_binsearch_title[p11] PASSED [ 13%]
tests/providers/test_binsearch_title.py::test_parse_binsearch_title[p12] PASSED [ 13%]
tests/providers/test_generic_provider.py::test_parse_pubdate[p0] PASSED  [ 13%]
tests/providers/test_generic_provider.py::test_parse_pubdate[p1] PASSED  [ 13%]
tests/providers/test_generic_provider.py::test_parse_pubdate[p2] PASSED  [ 13%]
tests/providers/test_generic_provider.py::test_parse_pubdate[p3] PASSED  [ 13%]
tests/providers/test_generic_provider.py::test_parse_pubdate[p4] PASSED  [ 13%]
tests/providers/test_generic_provider.py::test_parse_pubdate[p5] PASSED  [ 14%]
tests/providers/test_generic_provider.py::test_parse_pubdate[p6] PASSED  [ 14%]
tests/providers/test_generic_provider.py::test_parse_pubdate[p7] PASSED  [ 14%]
tests/providers/test_generic_provider.py::test_parse_pubdate[p8] PASSED  [ 14%]
tests/providers/test_generic_provider.py::test_parse_pubdate[p9] PASSED  [ 14%]
tests/providers/test_generic_provider.py::test_parse_pubdate[p10] PASSED [ 14%]
tests/providers/test_generic_provider.py::test_parse_pubdate[p11] PASSED [ 14%]
tests/providers/test_generic_provider.py::test_parse_pubdate[p12] PASSED [ 14%]
tests/providers/test_generic_provider.py::test_parse_pubdate[p13] PASSED [ 14%]
tests/providers/test_generic_provider.py::test_parse_pubdate[p14] PASSED [ 14%]
tests/providers/test_generic_provider.py::test_parse_pubdate[p15] PASSED [ 14%]
tests/providers/test_generic_provider.py::test_parse_pubdate[p16] PASSED [ 15%]
tests/providers/test_generic_provider.py::test_parse_pubdate[p17] PASSED [ 15%]
tests/providers/test_generic_provider.py::test_parse_pubdate[p18] PASSED [ 15%]
tests/providers/test_generic_provider.py::test_parse_pubdate[p19] PASSED [ 15%]
tests/providers/test_generic_provider.py::test_parse_pubdate[p20] PASSED [ 15%]
tests/providers/test_generic_provider.py::test_parse_pubdate[p21] PASSED [ 15%]
tests/providers/test_generic_provider.py::test_parse_pubdate[p22] PASSED [ 15%]
tests/providers/test_generic_provider.py::test_parse_pubdate[p23] PASSED [ 15%]
tests/providers/test_generic_provider.py::test_create_search_string_default[p0] PASSED [ 15%]
tests/providers/test_generic_provider.py::test_create_search_string_air_by_date[p0] PASSED [ 15%]
tests/providers/test_generic_provider.py::test_create_search_string_sports[p0] PASSED [ 15%]
tests/providers/test_generic_provider.py::test_create_search_string_anime[p0] PASSED [ 16%]
tests/providers/test_generic_provider.py::test_create_search_string_anime[p1] PASSED [ 16%]
tests/providers/test_search.py::test_anidex_daily_search PASSED          [ 16%]
tests/providers/test_search.py::test_anidex_backlog_search PASSED        [ 16%]
tests/providers/test_search.py::test_animebytes_daily_search PASSED      [ 16%]
tests/providers/test_search.py::test_animebytes_backlog_search PASSED    [ 16%]
tests/providers/test_search.py::test_btdb_daily_search PASSED            [ 16%]
tests/providers/test_search.py::test_btdb_backlog_search PASSED          [ 16%]
tests/providers/test_search.py::test_limetorrents_daily_search PASSED    [ 16%]
tests/providers/test_search.py::test_limetorrents_backlog_search PASSED  [ 16%]
tests/providers/test_search.py::test_nyaa_daily_search PASSED            [ 16%]
tests/providers/test_search.py::test_nyaa_backlog_search PASSED          [ 16%]
tests/providers/test_search.py::test_rarbg_daily_search PASSED           [ 17%]
tests/providers/test_search.py::test_rarbg_backlog_search PASSED         [ 17%]
tests/providers/test_search.py::test_shanaproject_daily_search PASSED    [ 17%]
tests/providers/test_search.py::test_shanaproject_backlog_search PASSED  [ 17%]
tests/providers/test_search.py::test_thepiratebay_daily_search PASSED    [ 17%]
tests/providers/test_search.py::test_thepiratebay_backlog_search PASSED  [ 17%]
tests/providers/test_search.py::test_tokyotoshokan_daily_search PASSED   [ 17%]
tests/providers/test_search.py::test_tokyotoshokan_backlog_search PASSED [ 17%]
tests/providers/test_search.py::test_torrentz2_daily_search PASSED       [ 17%]
tests/providers/test_search.py::test_torrentz2_backlog_search PASSED     [ 17%]
tests/providers/test_search.py::test_zooqle_daily_search PASSED          [ 17%]
tests/providers/test_search.py::test_zooqle_backlog_search PASSED        [ 18%]
tests/providers/test_search.py::test_anizb_daily_search PASSED           [ 18%]
tests/providers/test_search.py::test_anizb_backlog_search PASSED         [ 18%]
tests/providers/test_search.py::test_binsearch_daily_search PASSED       [ 18%]
tests/providers/test_search.py::test_binsearch_backlog_search PASSED     [ 18%]
tests/test_common.py::test_from_guessit[p0] PASSED                       [ 18%]
tests/test_common.py::test_from_guessit[p1] PASSED                       [ 18%]
tests/test_common.py::test_from_guessit[p2] PASSED                       [ 18%]
tests/test_common.py::test_from_guessit[p3] PASSED                       [ 18%]
tests/test_common.py::test_from_guessit[p4] PASSED                       [ 18%]
tests/test_common.py::test_from_guessit[p5] PASSED                       [ 18%]
tests/test_common.py::test_from_guessit[p6] PASSED                       [ 19%]
tests/test_common.py::test_from_guessit[p7] PASSED                       [ 19%]
tests/test_common.py::test_from_guessit[p8] PASSED                       [ 19%]
tests/test_common.py::test_from_guessit[p9] PASSED                       [ 19%]
tests/test_common.py::test_from_guessit[p10] PASSED                      [ 19%]
tests/test_common.py::test_from_guessit[p11] PASSED                      [ 19%]
tests/test_common.py::test_from_guessit[p12] PASSED                      [ 19%]
tests/test_common.py::test_from_guessit[p13] PASSED                      [ 19%]
tests/test_common.py::test_from_guessit[p14] PASSED                      [ 19%]
tests/test_common.py::test_from_guessit[p15] PASSED                      [ 19%]
tests/test_common.py::test_from_guessit[p16] PASSED                      [ 19%]
tests/test_common.py::test_from_guessit[p17] PASSED                      [ 20%]
tests/test_common.py::test_from_guessit[p18] PASSED                      [ 20%]
tests/test_common.py::test_to_guessit[p0] PASSED                         [ 20%]
tests/test_common.py::test_to_guessit[p1] PASSED                         [ 20%]
tests/test_common.py::test_to_guessit[p2] PASSED                         [ 20%]
tests/test_common.py::test_to_guessit[p3] PASSED                         [ 20%]
tests/test_common.py::test_to_guessit[p4] PASSED                         [ 20%]
tests/test_common.py::test_to_guessit[p5] PASSED                         [ 20%]
tests/test_common.py::test_to_guessit[p6] PASSED                         [ 20%]
tests/test_common.py::test_to_guessit[p7] PASSED                         [ 20%]
tests/test_common.py::test_to_guessit[p8] PASSED                         [ 20%]
tests/test_common.py::test_to_guessit[p9] PASSED                         [ 21%]
tests/test_common.py::test_to_guessit[p10] PASSED                        [ 21%]
tests/test_common.py::test_to_guessit[p11] PASSED                        [ 21%]
tests/test_common.py::test_to_guessit[p12] PASSED                        [ 21%]
tests/test_common.py::test_to_guessit[p13] PASSED                        [ 21%]
tests/test_common.py::test_to_guessit[p14] PASSED                        [ 21%]
tests/test_common.py::test_to_guessit[p15] PASSED                        [ 21%]
tests/test_common.py::test_quality_from_name[p0] PASSED                  [ 21%]
tests/test_common.py::test_quality_from_name[p1] PASSED                  [ 21%]
tests/test_common.py::test_quality_from_name[p2] PASSED                  [ 21%]
tests/test_common.py::test_quality_from_name[p3] PASSED                  [ 21%]
tests/test_common.py::test_quality_from_name[p4] PASSED                  [ 22%]
tests/test_common.py::test_quality_from_name[p5] PASSED                  [ 22%]
tests/test_common.py::test_quality_from_name[p6] PASSED                  [ 22%]
tests/test_common.py::test_quality_from_name[p7] PASSED                  [ 22%]
tests/test_common.py::test_quality_from_name[p8] PASSED                  [ 22%]
tests/test_common.py::test_quality_from_name[p9] PASSED                  [ 22%]
tests/test_common.py::test_quality_from_name[p10] PASSED                 [ 22%]
tests/test_common.py::test_quality_from_name[p11] PASSED                 [ 22%]
tests/test_common.py::test_quality_from_name[p12] PASSED                 [ 22%]
tests/test_common.py::test_quality_from_name[p13] PASSED                 [ 22%]
tests/test_common.py::test_quality_from_name[p14] PASSED                 [ 22%]
tests/test_common.py::test_quality_from_name[p15] PASSED                 [ 23%]
tests/test_common.py::test_quality_from_name[p16] PASSED                 [ 23%]
tests/test_common.py::test_quality_from_name[p17] PASSED                 [ 23%]
tests/test_common.py::test_quality_from_name[p18] PASSED                 [ 23%]
tests/test_common.py::test_quality_from_name[p19] PASSED                 [ 23%]
tests/test_common.py::test_quality_from_name[p20] PASSED                 [ 23%]
tests/test_common.py::test_quality_from_name[p21] PASSED                 [ 23%]
tests/test_common.py::test_quality_from_name[p22] PASSED                 [ 23%]
tests/test_common.py::test_quality_from_name[p23] PASSED                 [ 23%]
tests/test_common.py::test_quality_from_name[p24] PASSED                 [ 23%]
tests/test_common.py::test_quality_from_name[p25] PASSED                 [ 23%]
tests/test_common.py::test_quality_from_name[p26] PASSED                 [ 24%]
tests/test_common.py::test_quality_from_name[p27] PASSED                 [ 24%]
tests/test_common.py::test_quality_from_name[p28] PASSED                 [ 24%]
tests/test_common.py::test_is_higher_quality[p0] PASSED                  [ 24%]
tests/test_common.py::test_is_higher_quality[p1] PASSED                  [ 24%]
tests/test_common.py::test_is_higher_quality[p2] PASSED                  [ 24%]
tests/test_common.py::test_is_higher_quality[p3] PASSED                  [ 24%]
tests/test_common.py::test_is_higher_quality[p4] PASSED                  [ 24%]
tests/test_common.py::test_is_higher_quality[p5] PASSED                  [ 24%]
tests/test_common.py::test_is_higher_quality[p6] PASSED                  [ 24%]
tests/test_common.py::test_is_higher_quality[p7] PASSED                  [ 24%]
tests/test_common.py::test_is_higher_quality[p8] PASSED                  [ 25%]
tests/test_common.py::test_is_higher_quality[p9] PASSED                  [ 25%]
tests/test_common.py::test_wanted_quality PASSED                         [ 25%]
tests/test_common.py::test_is_valid_combined_quality[p0] PASSED          [ 25%]
tests/test_common.py::test_is_valid_combined_quality[p1] PASSED          [ 25%]
tests/test_common.py::test_is_valid_combined_quality[p2] PASSED          [ 25%]
tests/test_common.py::test_is_valid_combined_quality[p3] PASSED          [ 25%]
tests/test_guessit.py::test_pre_configured_guessit PASSED                [ 25%]
tests/test_guessit.py::test_guess[Show.Name.S01E02.S01E03.HDTV.720p.x264-Group-expected0] PASSED [ 25%]
tests/test_guessit.py::test_guess[Show Name - S01E02 - S01E03 - S01E04 Episode Name-expected1] PASSED [ 25%]
tests/test_guessit.py::test_guess[Show.Name.1x02.1x03.Bluray.1080p.x265-SuperGroup-expected2] PASSED [ 25%]
tests/test_guessit.py::test_guess[Show Name 1x02 1x03 1x04 Episode Name-expected3] PASSED [ 26%]
tests/test_guessit.py::test_guess[Show.Name.S01E02.HDTV.720p.x264-Group-expected4] PASSED [ 26%]
tests/test_guessit.py::test_guess[Show Name - S01E04 Episode Name-expected5] PASSED [ 26%]
tests/test_guessit.py::test_guess[Show.Name.S01.E02.My.Episode.Name-expected6] PASSED [ 26%]
tests/test_guessit.py::test_guess[Show.Name.S01E02E03.HDTV.720p.x264-Group-expected7] PASSED [ 26%]
tests/test_guessit.py::test_guess[Show Name - S01E02-03 - Episode Name-expected8] PASSED [ 26%]
tests/test_guessit.py::test_guess[Show.Name.S01.E02.E03-expected9] PASSED [ 26%]
tests/test_guessit.py::test_guess[Show_Name.1x02.HDTV_720p_x264-Group-expected10] PASSED [ 26%]
tests/test_guessit.py::test_guess[Show Name - 1x04 Episode Name-expected11] PASSED [ 26%]
tests/test_guessit.py::test_guess[Show_Name.1x02x03x04.DVD.480p_xvid-SomeGroup-expected12] PASSED [ 26%]
tests/test_guessit.py::test_guess[Show Name - 1x02-03-04 - My Episode-expected13] PASSED [ 26%]
tests/test_guessit.py::test_guess[Show Name - Temporada 4 HDTV x264[Cap.408_409]SPANISH-AUDIO-NEWPCT-expected14] PASSED [ 27%]
tests/test_guessit.py::test_guess[Show Name - Temporada 4 [HDTV][Cap.408][Espanol Castellano]-expected15] PASSED [ 27%]
tests/test_guessit.py::test_guess[Show Name - Temporada 4 [HDTV][Cap.408][Espa\xf1ol Castellano]-expected16] PASSED [ 27%]
tests/test_guessit.py::test_guess[Show Name - Temporada 4 HDTV x264[Cap.409]SPANISH AUDIO-NEWPCT)-expected17] PASSED [ 27%]
tests/test_guessit.py::test_guess[Show.Name.2010.11.23.HDTV.720p.x264-Group-expected18] PASSED [ 27%]
tests/test_guessit.py::test_guess[Show Name - 2010.11.23 - Episode Name-expected19] PASSED [ 27%]
tests/test_guessit.py::test_guess[Show.Name.100.Event.2010.11.23.HDTV.720p.x264-Group-expected20] PASSED [ 27%]
tests/test_guessit.py::test_guess[Show.Name.2011.12.24.HDTV.720p.x264-Group-expected21] PASSED [ 27%]
tests/test_guessit.py::test_guess[/shows/Show.Name.Abbreviated.S01E02.1080p.BluRay.x264-TPZ/tzp-shownameabr102.mkv-expected22] PASSED [ 27%]
tests/test_guessit.py::test_guess[Show Name Season 1 Episode 2 Ep Name-expected23] PASSED [ 27%]
tests/test_guessit.py::test_guess[Show.Name.S01.HDTV.720p.x264-Group-expected24] PASSED [ 27%]
tests/test_guessit.py::test_guess[Show.Name.E02-03.HDTV.720p.X264-Group-expected25] PASSED [ 28%]
tests/test_guessit.py::test_guess[Show.Name.E02.2010-expected26] PASSED  [ 28%]
tests/test_guessit.py::test_guess[Show.Name.E23.Test-expected27] PASSED  [ 28%]
tests/test_guessit.py::test_guess[Show.Name.Part.3.HDTV.720p.x264-Group-expected28] PASSED [ 28%]
tests/test_guessit.py::test_guess[Show.Name.Part.1.and.Part.2.HDTV.720p.x264-Group-expected29] PASSED [ 28%]
tests/test_guessit.py::test_guess[Show.Name.Part.4.720p.HDTV.x264-GROUP.mkv-expected30] PASSED [ 28%]
tests/test_guessit.py::test_guess[/series/Show Name/Season 1/Show.Name.Part.4.720p.HDTV.x264-GROUP.mkv-expected31] PASSED [ 28%]
tests/test_guessit.py::test_guess[Show.Name.102.HDTV.720p.x264-Group-expected32] PASSED [ 28%]
tests/test_guessit.py::test_guess[/show/Show Name/Season 03/Show Name - 01 - Ep Name-expected33] PASSED [ 28%]
tests/test_guessit.py::test_guess[01 - Ep Name-expected34] PASSED        [ 28%]
tests/test_guessit.py::test_guess[[HorribleSubs] Show Name - 01 [720p]-expected35] PASSED [ 28%]
tests/test_guessit.py::test_guess[[SomeGroup-Fansub]_Show_Name_727_[VOSTFR][HD_1280x720]-expected36] PASSED [ 29%]
tests/test_guessit.py::test_guess[[SomeGroup-Fansub]_Show_Name_269_[VOSTFR]_[720p]_[1921E00C]-expected37] PASSED [ 29%]
tests/test_guessit.py::test_guess[[GROUP]Show_Name_726_[VOSTFR]_[V1]_[8bit]_[720p]_[2F7B3FA2]-expected38] PASSED [ 29%]
tests/test_guessit.py::test_guess[Show Name 445 VOSTFR par Fansub-Resistance (1280*720) - version MQ-expected39] PASSED [ 29%]
tests/test_guessit.py::test_guess[Show Name Super 015 VOSTFR par Fansub-Resistance (1280x720) - HQ version-expected40] PASSED [ 29%]
tests/test_guessit.py::test_guess[[Z-Team][DBSuper.pw] Show Name Super - 028 (VOSTFR)(720p AAC)(MP4)-expected41] PASSED [ 29%]
tests/test_guessit.py::test_guess[[SnF] Show Name - 24 VOSTFR [720p][41761A60]-expected42] PASSED [ 29%]
tests/test_guessit.py::test_guess[[Y-F] Very long Show Name Here - 03 Vostfr HD 8bits-expected43] PASSED [ 29%]
tests/test_guessit.py::test_guess[Show Name Online 2 - The Show 04 vostfr FHD-expected44] PASSED [ 29%]
tests/test_guessit.py::test_guess[Show Name 804 vostfr HD-expected45] PASSED [ 29%]
tests/test_guessit.py::test_guess[Show Name 04 vostfr [1080p]-expected46] PASSED [ 29%]
tests/test_guessit.py::test_guess[Show Name 04 vostfr [720p]-expected47] PASSED [ 30%]
tests/test_guessit.py::test_guess[[Group Name] Show Name.13-16-expected48] PASSED [ 30%]
tests/test_guessit.py::test_guess[[Group Name] Show Name - 13-16-expected49] PASSED [ 30%]
tests/test_guessit.py::test_guess[Show Name 13-16-expected50] PASSED     [ 30%]
tests/test_guessit.py::test_guess[Show Name.13-expected51] PASSED        [ 30%]
tests/test_guessit.py::test_guess[Show Name - 13-expected52] PASSED      [ 30%]
tests/test_guessit.py::test_guess[Show Name 13-expected53] PASSED        [ 30%]
tests/test_guessit.py::test_guess[[Group-Subs]_Show_Name_-_12_(1280x720_H.264_AAC)_[379759DB]-expected54] PASSED [ 30%]
tests/test_guessit.py::test_guess[[SomeGroup-Subs] Show Name - 02-03 (CX 1280x720 x264 AAC)-expected55] PASSED [ 30%]
tests/test_guessit.py::test_guess[[AAA] Show Name 312v1 [720p/MKV]-expected56] PASSED [ 30%]
tests/test_guessit.py::test_guess[[SomeOne]_Show_Name_-_IS_-_07_[H264][720p][EB7838FC]-expected57] PASSED [ 30%]
tests/test_guessit.py::test_guess[[SomeOne]_Show_Name_-_IS_-_07v2_[H264][720p][EB7838FC]-expected58] PASSED [ 31%]
tests/test_guessit.py::test_guess[[Group-Shikkaku] A Very Long Show Name Here - 10 [LQ][h264][720p] [8853B21C]-expected59] PASSED [ 31%]
tests/test_guessit.py::test_guess[Show Name - s16e03-05 - 313-315-expected60] PASSED [ 31%]
tests/test_guessit.py::test_guess[Show.Name.s16e03-05.313-315-expected61] PASSED [ 31%]
tests/test_guessit.py::test_guess[Show Name s16e03-05 313-315-expected62] PASSED [ 31%]
tests/test_guessit.py::test_guess[Show Name - 16x03-05 - 313-315-expected63] PASSED [ 31%]
tests/test_guessit.py::test_guess[Show.Name.16x03-05.313-315-expected64] PASSED [ 31%]
tests/test_guessit.py::test_guess[Show Name 16x03-05 313-315-expected65] PASSED [ 31%]
tests/test_guessit.py::test_guess[Show Name 16x03-04 100-10-expected66] PASSED [ 31%]
tests/test_guessit.py::test_guess[Show Name - 313-315 - s16e03-05-expected67] PASSED [ 31%]
tests/test_guessit.py::test_guess[Show.Name.313-315.s16e03-05-expected68] PASSED [ 31%]
tests/test_guessit.py::test_guess[Show Name 313-315 s16e03-05-expected69] PASSED [ 32%]
tests/test_guessit.py::test_guess[003. Show Name - Ep Name.mkv-expected70] PASSED [ 32%]
tests/test_guessit.py::test_guess[003-005. Show Name - Ep Name.mkv-expected71] PASSED [ 32%]
tests/test_guessit.py::test_guess[One Piece - 102-expected72] PASSED     [ 32%]
tests/test_guessit.py::test_guess[[ABC]_Show_Name_001.mkv-expected73] PASSED [ 32%]
tests/test_guessit.py::test_guess[[SuperGroup].Show.Name.-.06.[720.Hi10p][1F5578AC]-expected74] PASSED [ 32%]
tests/test_guessit.py::test_guess[[SuperGroup].Show.Name.-.06.[1080.Hi10p][1F5578AC]-expected75] PASSED [ 32%]
tests/test_guessit.py::test_guess[Show.Name.S02.REPACK.720p.BluRay.DD5.1.x264-4EVERHD-expected76] PASSED [ 32%]
tests/test_guessit.py::test_guess[Show.Net.S01E06.720p-expected77] PASSED [ 32%]
tests/test_guessit.py::test_guess[/Show.Net/Season 1/Show.Net.S01E06.720p-expected78] PASSED [ 32%]
tests/test_guessit.py::test_guess[/Show Net/Season 1/Show.Net.S01E06.720p-expected79] PASSED [ 32%]
tests/test_guessit.py::test_guess[11.22.63.S01E06.720p-expected80] PASSED [ 33%]
tests/test_guessit.py::test_guess[/11.22.63/Season 1/11.22.63.S01E06.720p-expected81] PASSED [ 33%]
tests/test_guessit.py::test_guess[11.22.63.106.hdtv-abc-expected82] PASSED [ 33%]
tests/test_guessit.py::test_guess[/11.22.63/Season 1/11.22.63.106.hdtv-abc-expected83] PASSED [ 33%]
tests/test_guessit.py::test_guess[12.monkeys.Season.1.Complete-expected84] PASSED [ 33%]
tests/test_guessit.py::test_guess[/somefolder/12.monkeys.Season.1.Complete-expected85] PASSED [ 33%]
tests/test_guessit.py::test_guess[/12 Monkeys/12.monkeys.Season.1.Complete-expected86] PASSED [ 33%]
tests/test_guessit.py::test_guess[The.100.Season.1.Complete-expected87] PASSED [ 33%]
tests/test_guessit.py::test_guess[/somefolder/The.100.Season.1.Complete-expected88] PASSED [ 33%]
tests/test_guessit.py::test_guess[/The 100/The.100.Season.1.Complete-expected89] PASSED [ 33%]
tests/test_guessit.py::test_guess[/The.100.Season.1.Complete/The.100.Season.1.Complete-expected90] PASSED [ 33%]
tests/test_guessit.py::test_guess[Storm.Chasers.Season.1-expected91] PASSED [ 33%]
tests/test_guessit.py::test_guess[/somefolder/Storm.Chasers.Season.1-expected92] PASSED [ 34%]
tests/test_guessit.py::test_guess[60.Minutes.-.2008.01.06-expected93] PASSED [ 34%]
tests/test_guessit.py::test_guess[/somefolder/60.Minutes.-.2008.01.06-expected94] PASSED [ 34%]
tests/test_guessit.py::test_guess[Star.Trek.DS9.S01E03-expected95] PASSED [ 34%]
tests/test_guessit.py::test_guess[/Star.Trek/Season 01/Star.Trek.DS9.S01E03-expected96] PASSED [ 34%]
tests/test_guessit.py::test_guess[[Group].Pan.de.Peace!.-.08.[1080p]-expected97] PASSED [ 34%]
tests/test_guessit.py::test_guess[Show.Name.x264-byEMP-expected98] PASSED [ 34%]
tests/test_guessit.py::test_guess[Show.Name.x264-ELITETORRENT-expected99] PASSED [ 34%]
tests/test_guessit.py::test_guess[Show.Name.x264-F4ST3R-expected100] PASSED [ 34%]
tests/test_guessit.py::test_guess[Show.Name.x264-F4ST-expected101] PASSED [ 34%]
tests/test_guessit.py::test_guess[Show.Name.x264-TGNF4ST-expected102] PASSED [ 34%]
tests/test_guessit.py::test_guess[Show.Name.x264-CDD-expected103] PASSED [ 35%]
tests/test_guessit.py::test_guess[Show.Name.x264-CDP-expected104] PASSED [ 35%]
tests/test_guessit.py::test_guess[Show.Name.x264-HDD-expected105] PASSED [ 35%]
tests/test_guessit.py::test_guess[Show.Name.x264-NovaRip-expected106] PASSED [ 35%]
tests/test_guessit.py::test_guess[Show.Name.x264-PARTiCLE-expected107] PASSED [ 35%]
tests/test_guessit.py::test_guess[Show.Name.x264-POURMOi-expected108] PASSED [ 35%]
tests/test_guessit.py::test_guess[Show.Name.x264-RipPourBox-expected109] PASSED [ 35%]
tests/test_guessit.py::test_guess[Show.Name.x264-RiPRG-expected110] PASSED [ 35%]
tests/test_guessit.py::test_guess[Show.Name.x264-TV2LAX9-expected111] PASSED [ 35%]
tests/test_guessit.py::test_guess[Show.Name.x264-AF-expected112] PASSED  [ 35%]
tests/test_guessit.py::test_guess[Show.Name.x264-AR-expected113] PASSED  [ 35%]
tests/test_guessit.py::test_guess[Show.Name.x264-DR-expected114] PASSED  [ 36%]
tests/test_guessit.py::test_guess[Show.Name.x264-MC-expected115] PASSED  [ 36%]
tests/test_guessit.py::test_guess[Show.Name.x264-NA-expected116] PASSED  [ 36%]
tests/test_guessit.py::test_guess[Show.Name.x264-TL-expected117] PASSED  [ 36%]
tests/test_guessit.py::test_guess[Show.Name.x264-YT-expected118] PASSED  [ 36%]
tests/test_guessit.py::test_guess[Show.Name.x264-ZT-expected119] PASSED  [ 36%]
tests/test_guessit.py::test_guess[Show.Name.US.S03.720p.BluRay.x264-SuperGroup-expected120] PASSED [ 36%]
tests/test_guessit.py::test_guess[/Show.Name/Show.Name.US.S03.720p.BluRay.x264-SuperGroup-expected121] PASSED [ 36%]
tests/test_guessit.py::test_guess[/Show Name - US/Season 3/Show.Name.US.S03.720p.BluRay.x264-SuperGroup-expected122] PASSED [ 36%]
tests/test_guessit.py::test_guess[/Show Name/Season 3/Show.Name.US.S03.720p.BluRay.x264-SuperGroup-expected123] PASSED [ 36%]
tests/test_guessit.py::test_guess[Show.Name.(US).S03.720p.BluRay.x264-SuperGroup-expected124] PASSED [ 36%]
tests/test_guessit.py::test_guess[Show.Name.US.E03.720p.BluRay.x264-SuperGroup-expected125] PASSED [ 37%]
tests/test_guessit.py::test_guess[Show.Name.US.2012.12.12.720p.BluRay.x264-SuperGroup-expected126] PASSED [ 37%]
tests/test_guessit.py::test_guess[Show.Name.UK.S05E01.720p.HDTV.x264-ABC-expected127] PASSED [ 37%]
tests/test_guessit.py::test_guess[Show.Name.2002.S03.720p.BluRay.x264-SuperGroup-expected128] PASSED [ 37%]
tests/test_guessit.py::test_guess[Show.Name.(2002).S03.720p.BluRay.x264-SuperGroup-expected129] PASSED [ 37%]
tests/test_guessit.py::test_guess[Show.Name.S03.US.720p.BluRay.x264-SuperGroup-expected130] PASSED [ 37%]
tests/test_guessit.py::test_guess[Show.Name.S03.(US).720p.BluRay.x264-SuperGroup-expected131] PASSED [ 37%]
tests/test_guessit.py::test_guess[Show.Name.S03.2005.720p.BluRay.x264-SuperGroup-expected132] PASSED [ 37%]
tests/test_guessit.py::test_guess[Show.Name.S03.(2005).720p.BluRay.x264-SuperGroup-expected133] PASSED [ 37%]
tests/test_guessit.py::test_guess[Show.Name.S2016E01.Episode.Name.1080i.HDTV.DD2.0.H.264-GroupName-expected134] PASSED [ 37%]
tests/test_guessit.py::test_guess[[Group].Show.Name.S2.-.19.[1080p]-expected135] PASSED [ 37%]
tests/test_guessit.py::test_guess[/Show.Name.S2/[Group].Show.Name.S2.-.19.[1080p]-expected136] PASSED [ 38%]
tests/test_guessit.py::test_guess[/Show Name S2/[Group].Show.Name.S2.-.19.[1080p]-expected137] PASSED [ 38%]
tests/test_guessit.py::test_guess[[Group].Show.Name.G2.-.19.[1080p]-expected138] PASSED [ 38%]
tests/test_guessit.py::test_guess[[Group].Show.Name.S2.-.19.[1080p]-expected139] PASSED [ 38%]
tests/test_guessit.py::test_guess[[Group].Show.Name.-.102.[720p]-expected140] PASSED [ 38%]
tests/test_guessit.py::test_guess[Show.Name.10.720p-expected141] PASSED  [ 38%]
tests/test_guessit.py::test_guess[Some.Show.1of8..Title.x264.AAC.Group-expected142] PASSED [ 38%]
tests/test_guessit.py::test_guess[Some.Show.E07.1080p.HDTV.x265-GROUP-expected143] PASSED [ 38%]
tests/test_guessit.py::test_guess[Some.Show.Episode.10.Some.Title.720p-expected144] PASSED [ 38%]
tests/test_guessit.py::test_guess[Show.Name.Part.3.720p.HDTV.x264-Group-expected145] PASSED [ 38%]
tests/test_guessit.py::test_guess[Show.Name.S02.Some.Name.Part.2.720p.BluRay.x264-Group-expected146] PASSED [ 38%]
tests/test_guessit.py::test_guess[Show.Name.E01.Some.Name.Part.2.720p.BluRay.x264-Group-expected147] PASSED [ 39%]
tests/test_guessit.py::test_guess[Show.Name.2016.05.24.Some.Name.Part.2.720p.BluRay.x264-Group-expected148] PASSED [ 39%]
tests/test_guessit.py::test_guess[Show.Name.S02E01.Some.Name.Part.2.720p.BluRay.x264-Group-expected149] PASSED [ 39%]
tests/test_guessit.py::test_guess[The.X-Flies.S09E06.Trust.No.1.x265.HEVC-Group.mkv-expected150] PASSED [ 39%]
tests/test_guessit.py::test_guess[/media/Season 09/The.X-Flies.S09E06.Trust.No.1.x265.HEVC-Group.mkv-expected151] PASSED [ 39%]
tests/test_guessit.py::test_guess[The.X-Flies.S09E07.3.x265.HEVC-Group.mkv-expected152] PASSED [ 39%]
tests/test_guessit.py::test_guess[/media/Season 09/The.X-Flies.S09E07.3.x265.HEVC-Group.mkv-expected153] PASSED [ 39%]
tests/test_guessit.py::test_guess[Some.Show.S02E14.X264.1080p.HDTV-expected154] PASSED [ 39%]
tests/test_guessit.py::test_guess[/Some.Show.S02E14.X264.1080p.HDTV/Some.Show.S02E14.X264.1080p.HDTV-expected155] PASSED [ 39%]
tests/test_guessit.py::test_guess[/Some Show/Season 2/Some.Show.S02E14.X264.1080p.HDTV-expected156] PASSED [ 39%]
tests/test_guessit.py::test_guess[Some.Show.S02E14.X265.1080p.HDTV-expected157] PASSED [ 39%]
tests/test_guessit.py::test_guess[Some.Show.S02E14.XviD.HDTV-expected158] PASSED [ 40%]
tests/test_guessit.py::test_guess[Show.Name.-.Season.3.-.720p.BluRay.-.x264.-.Group-expected159] PASSED [ 40%]
tests/test_guessit.py::test_guess[/Show.Name.-.Season.3.-.720p.BluRay.-.x264.-.Group/Show.Name.-.Season.3.-E02-.720p.BluRay.-.x264.-.Group-expected160] PASSED [ 40%]
tests/test_guessit.py::test_guess[Show.Name.Season.1.-.720p.HDTV.x265.-.{Group}-expected161] PASSED [ 40%]
tests/test_guessit.py::test_guess[Show.Name.S06E04.1080i.HDTV.DD5.1.H264.BS666-expected162] PASSED [ 40%]
tests/test_guessit.py::test_guess[/Show.Name.S06E04.1080i.HDTV.DD5.1.H264.BS666/Show.Name.S06E04.1080i.HDTV.DD5.1.H264.BS666-expected163] PASSED [ 40%]
tests/test_guessit.py::test_guess[/Show Name/Season 6/Show.Name.S06E04.1080i.HDTV.DD5.1.H264.BS666-expected164] PASSED [ 40%]
tests/test_guessit.py::test_guess[Show.Name.S06E04.1080i.HDTV.DD5.1.H264.ccs3-expected165] PASSED [ 40%]
tests/test_guessit.py::test_guess[Show.Name.S06E04.1080i.HDTV.DD5.1.H264.qqss44-expected166] PASSED [ 40%]
tests/test_guessit.py::test_guess[Show.Name.s06e14.WEBDLRip.-qqss44.avi-expected167] PASSED [ 40%]
tests/test_guessit.py::test_guess[show name s01-s04-expected168] PASSED  [ 40%]
tests/test_guessit.py::test_guess[show name s01-04-expected169] PASSED   [ 41%]
tests/test_guessit.py::test_guess[show name s01.to.s04-expected170] PASSED [ 41%]
tests/test_guessit.py::test_guess[/show name/s01-s04/show name s01E03-expected171] PASSED [ 41%]
tests/test_guessit.py::test_guess[/show name s01-s04/show name s01E03-expected172] PASSED [ 41%]
tests/test_guessit.py::test_guess[show name s02e01-e04-expected173] PASSED [ 41%]
tests/test_guessit.py::test_guess[show name S02E01-E04-expected174] PASSED [ 41%]
tests/test_guessit.py::test_guess[show name s02e01-04-expected175] PASSED [ 41%]
tests/test_guessit.py::test_guess[Show.Name.S01E01-S01E04-expected176] PASSED [ 41%]
tests/test_guessit.py::test_guess[Show.season_1-10.(DVDrip)-expected177] PASSED [ 41%]
tests/test_guessit.py::test_guess[Some.Show.S02E14.1080p.HDTV.X264-GROUP[TRASH]-expected178] PASSED [ 41%]
tests/test_guessit.py::test_guess[Some.Show.S02E14.1080p.HDTV.X264-GROUP(TRASH)-expected179] PASSED [ 41%]
tests/test_guessit.py::test_guess[Some.Show.S02E14.1080p.HDTV.X264-GROUP=={{TRASH}}==-expected180] PASSED [ 42%]
tests/test_guessit.py::test_guess[Some.Show.S02E14.1080p.HDTV.X264-123mb.GROUP-expected181] PASSED [ 42%]
tests/test_guessit.py::test_guess[Some.Show.S02E14.1080p.HDTV.X264-4.2GB.GROUP-expected182] PASSED [ 42%]
tests/test_guessit.py::test_guess[Some.Show.S02E14.1080p.HDTV.X264-reenc.GROUP-expected183] PASSED [ 42%]
tests/test_guessit.py::test_guess[Some.Show.S02E14.1080p.HDTV.X264-re-enc.GROUP-expected184] PASSED [ 42%]
tests/test_guessit.py::test_guess[Some.Show.S02E14.1080p.HDTV.X264-re-encoded.GROUP-expected185] PASSED [ 42%]
tests/test_guessit.py::test_guess[Some.Show.S02E14.1080p.HDTV.X264-reencoded.GROUP-expected186] PASSED [ 42%]
tests/test_guessit.py::test_guess[Show.Name.S03E15.480p.177mb.Proper.HDTV.x264-expected187] PASSED [ 42%]
tests/test_guessit.py::test_guess[Show.Name.S03E15.480p.4.8GB.Proper.HDTV.x264-expected188] PASSED [ 42%]
tests/test_guessit.py::test_guess[Show.Name.S03.1.1TB.Proper.HDTV.x264-expected189] PASSED [ 42%]
tests/test_guessit.py::test_guess[Some.Show.S02E14.1080p.HDTV.X264-GROUP.rar-expected190] PASSED [ 42%]
tests/test_guessit.py::test_guess[Some.Show.S02E14.1080p.HDTV.X264-GROUP.trash-expected191] PASSED [ 43%]
tests/test_guessit.py::test_guess[Some.Show.S02E14.1080p.HDTV.X264.NLSubs.Group-expected192] PASSED [ 43%]
tests/test_guessit.py::test_guess[Show.Name.S01E03.PL.SUBBED.480p.WEBRiP.x264-expected193] PASSED [ 43%]
tests/test_guessit.py::test_guess[Show.Name.s10e15(233).480p.BDRip-AVC.Ukr.hurtom-expected194] PASSED [ 43%]
tests/test_guessit.py::test_guess[Some.Show.S02E14.1080p.HDTV.X264...Group-expected195] PASSED [ 43%]
tests/test_guessit.py::test_guess[Some.Show.S02E14.1080p.HDTV.X264.Group.[-expected196] PASSED [ 43%]
tests/test_guessit.py::test_guess[Show.Name.S03E16.1080p.WEB-DL.DD5.1.H.264-GOLF68-expected197] PASSED [ 43%]
tests/test_guessit.py::test_guess[Show.Name.S02E04.WEBRip.x264-NF69-={TRASH}=--expected198] PASSED [ 43%]
tests/test_guessit.py::test_guess[Show.Name.S02E05.F1.Special.720p.HDTV.x264-C4TV-expected199] PASSED [ 43%]
tests/test_guessit.py::test_guess[[SuperGroup].Show.Name.-.462.[1080p]-expected200] PASSED [ 43%]
tests/test_guessit.py::test_guess[Show.Name.S11E11.DKsubs720p.HDTV.X264-GROUP-expected201] PASSED [ 43%]
tests/test_guessit.py::test_guess[Show.Name.Season.1.2.HDTV.XviD-GoodGroup[SomeTrash]-expected202] PASSED [ 44%]
tests/test_guessit.py::test_guess[The.Show.Name.2016.05.18.720.HDTV.x264-GROUP.VTV-expected203] PASSED [ 44%]
tests/test_guessit.py::test_guess[Show.Name.-.Season.1.to.3.-.Mp4.1080p-expected204] PASSED [ 44%]
tests/test_guessit.py::test_guess[Show.Name.Season.1~3.Mp4.1080p-expected205] PASSED [ 44%]
tests/test_guessit.py::test_guess[Show.Name.Season.1-3.Mp4.1080p-expected206] PASSED [ 44%]
tests/test_guessit.py::test_guess[Show.Name.-.Season.1.3.4-.Mp4.1080p-expected207] PASSED [ 44%]
tests/test_guessit.py::test_guess[Show.Name.-.Season.1.3.and.4-.Mp4.1080p-expected208] PASSED [ 44%]
tests/test_guessit.py::test_guess[[SuperGroup].Show.Name.-.Still+Name.-.11.[1080p]-expected209] PASSED [ 44%]
tests/test_guessit.py::test_guess[/Shows/Show Name - Still+Name/[SuperGroup].Show.Name.-.Still+Name.-.11.[1080p]-expected210] PASSED [ 44%]
tests/test_guessit.py::test_guess[/Shows/Show Name/[SuperGroup].Show.Name.-.Still+Name.-.11.[1080p]-expected211] PASSED [ 44%]
tests/test_guessit.py::test_guess[[SuperGroup].Show.Name.-.Still.-.Name.-.11.[1080p]-expected212] PASSED [ 44%]
tests/test_guessit.py::test_guess[[SuperGroup].Show.Name.-.Still.Name.-.11.[1080p]-expected213] PASSED [ 45%]
tests/test_guessit.py::test_guess[[Group].Show.Name.2.The.Big.Show.-.11.[1080p]-expected214] PASSED [ 45%]
tests/test_guessit.py::test_guess[Show.Name.S03E19.FASTSUB.VOSTFR.HDTV.XviD-F4ST-expected215] PASSED [ 45%]
tests/test_guessit.py::test_guess[Show.Name.Season.4.Episodes.1-12-expected216] PASSED [ 45%]
tests/test_guessit.py::test_guess[Show.Name.S00E25.Episode.Name.720p.HDTV.x264-BCDE-expected217] PASSED [ 45%]
tests/test_guessit.py::test_guess[Show.Name.S01E00.Episode.Name.720p.HDTV.x264-BCDE-expected218] PASSED [ 45%]
tests/test_guessit.py::test_guess[Show.Name.s01-E12.(2014).XViD.DD5.1.NLSubs.NLtoppers4ALL-expected219] PASSED [ 45%]
tests/test_guessit.py::test_guess[Show.Name.1-3.-.LostFilm.TV-expected220] PASSED [ 45%]
tests/test_guessit.py::test_guess[[GroupName].Show.Name.-.02.5.(Special).[BD.1080p]-expected221] PASSED [ 45%]
tests/test_guessit.py::test_guess[[AnimeRG].Show.Name.-.462.[720p].[10bit].[JRR].[Shippuden]-expected222] PASSED [ 45%]
tests/test_guessit.py::test_guess[/somefoldername/[AnimeRG].Show.Name.-.462.[720p].[10bit].[JRR].[Shippuden]-expected223] PASSED [ 45%]
tests/test_guessit.py::test_guess[/Show.Name/[AnimeRG].Show.Name.-.462.[720p].[10bit].[JRR].[Shippuden]-expected224] PASSED [ 46%]
tests/test_guessit.py::test_guess[[PRiVATE].Fear.The.Show.Name.S02E02.HDTV.XviD-FUM[ettv]-expected225] PASSED [ 46%]
tests/test_guessit.py::test_guess[[REQ].The.Show.Name.S02E02.HDTV.h265-ABC[rartv]-expected226] PASSED [ 46%]
tests/test_guessit.py::test_guess[[NO.RAR].The.Show.Name.S05E01.HDTV.h264-GOOD[trash]-expected227] PASSED [ 46%]
tests/test_guessit.py::test_guess[[FakeGroup].Show.Name.[720p].[RealGroup]-expected228] PASSED [ 46%]
tests/test_guessit.py::test_guess[Show.Name.S03E21.22.FASTSUB.VOSTFR.HDTV.XviD.GROUP-expected229] PASSED [ 46%]
tests/test_guessit.py::test_guess[Show.Name.S02E05.F1.Special.720p.HDTV.x264-C4TV.English-expected230] PASSED [ 46%]
tests/test_guessit.py::test_guess[11.22.63.105.hdtv-abc-expected231] PASSED [ 46%]
tests/test_guessit.py::test_guess[Show.Name.-.Temporada.1.720p.HDTV.x264[Cap.102]SPANISH.AUDIO-NEWPCT-expected232] PASSED [ 46%]
tests/test_guessit.py::test_guess[/Show Name/Season 01/Show.Name.-.Temporada.1.720p.HDTV.x264[Cap.102]SPANISH.AUDIO-NEWPCT-expected233] PASSED [ 46%]
tests/test_guessit.py::test_guess[/Show Name/Temporada 01/Show.Name.-.Temporada.1.720p.HDTV.x264[Cap.102]SPANISH.AUDIO-NEWPCT-expected234] PASSED [ 46%]
tests/test_guessit.py::test_guess[Show.Name.-.Temporada1.[HDTV][Cap.105][Espa\xf1ol.Castellano]-expected235] PASSED [ 47%]
tests/test_guessit.py::test_guess[Show.Name.-.Temporada1.[HDTV][Cap.105][Espa\xf1ol]-expected236] PASSED [ 47%]
tests/test_guessit.py::test_guess[Show.Name.-.Temporada.1.720p.HDTV.x264[Cap.102_104]SPANISH.AUDIO-NEWPCT-expected237] PASSED [ 47%]
tests/test_guessit.py::test_guess[Show.Name.-.Temporada.15.720p.HDTV.x264[Cap.1503]SPANISH.AUDIO-NEWPCT-expected238] PASSED [ 47%]
tests/test_guessit.py::test_guess[Show.Name.-.Temporada.15.720p.HDTV.x264[Cap.1503_1506]SPANISH.AUDIO-NEWPCT-expected239] PASSED [ 47%]
tests/test_guessit.py::test_guess[Show.Name.-.Temp.1.720p.HDTV.x264[Cap.102]SPANISH.AUDIO-NEWPCT-expected240] PASSED [ 47%]
tests/test_guessit.py::test_guess[Show.Name.-.Tem.1.720p.HDTV.x264[Cap.102]SPANISH.AUDIO-NEWPCT-expected241] PASSED [ 47%]
tests/test_guessit.py::test_guess[Show.Name.-.Tem.1.720p.HDTV.x264[Cap.112_114.Final]SPANISH.AUDIO-NEWPCT-expected242] PASSED [ 47%]
tests/test_guessit.py::test_guess[Show.Name.S6.Ep5.X265.Dolby.2.0.KTM3-expected243] PASSED [ 47%]
tests/test_guessit.py::test_guess[Show.Name.S01E05.WEBRip.x264-GROUP-expected244] PASSED [ 47%]
tests/test_guessit.py::test_guess[/folder/Show.Name.S01E05.WEBRip.x264-GROUP__gYDfLA/Show.Name.S01E05.WEBRip.x264-GROUP"-expected245] PASSED [ 47%]
tests/test_guessit.py::test_guess[Show.Name.2016.06.14.Some.Title.720p.HDTV.x264-GROUP-expected246] PASSED [ 48%]
tests/test_guessit.py::test_guess[Show Name S02e19 [Mux - H264 - Ita Aac] DLMux by UBi-expected247] PASSED [ 48%]
tests/test_guessit.py::test_guess[Show Name S01e04 [SATrip - H264 - Ita Ac3] HDTV - DEUS TEAM-expected248] PASSED [ 48%]
tests/test_guessit.py::test_guess[Show Name S01e10[Mux - 1080p - H264 - Ita Eng Ac3 - Sub Ita Eng]DLMux By GiuseppeTnT Littlelinx-expected249] PASSED [ 48%]
tests/test_guessit.py::test_guess[Show Name S04e07-08 [H264 - Ita Aac] HDTVMux by NovaRip-expected250] PASSED [ 48%]
tests/test_guessit.py::test_guess[Show Name 3x18 Un Tuffo Nel Passato ITA HDTVMux x264 NovaRip-expected251] PASSED [ 48%]
tests/test_guessit.py::test_guess[Show Name (2014) S02e23 [Mux - XviD - Ita Eng Mp3 - Sub Ita Eng] DLMux By Pir8 [CURA] Supereroi SEASON FINALE-expected252] PASSED [ 48%]
tests/test_guessit.py::test_guess[Il Trono Di Spade - Game Of Thrones S06e07 [Mux - H264 - Ita Eng Aac - Sub Ita Eng] DLMux by sp_54321-expected253] PASSED [ 48%]
tests/test_guessit.py::test_guess[Mellan.Bleke.Och.Storm.SWEDiSH.720p.HDTV.x264-GROUP-expected254] PASSED [ 48%]
tests/test_guessit.py::test_guess[Show.Name.1999.1080p.HDTV.x264_HDv_0day_Team.mkv-expected255] PASSED [ 48%]
tests/test_guessit.py::test_guess[500.Bus.Stops.Season.1.XviD.hdtv.x264-expected256] PASSED [ 48%]
tests/test_guessit.py::test_guess[Show.Name.COMPLETE.SERIES.DVDRip.XviD-AR-expected257] PASSED [ 49%]
tests/test_guessit.py::test_guess[Show Name The Complete Seasons 1 to 5 720p BluRay x265 HEVC-SUJAIDR[UTR]-expected258] PASSED [ 49%]
tests/test_guessit.py::test_guess[Show.Name.-.Other Name.-.02.(1280x720.HEVC.AAC)-expected259] PASSED [ 49%]
tests/test_guessit.py::test_guess[Show.Name.S02E01.MULTi.FRENCH.VOSTFR-EN.1080p.WEB-DL.HEVC.x265-GOLF68-expected260] PASSED [ 49%]
tests/test_guessit.py::test_guess[Show.Name.S03E21.22.FASTSUB.VOSTFR.HDTV.XviD.F4ST.avi-expected261] PASSED [ 49%]
tests/test_guessit.py::test_guess[Show.Name.Season.1.(x265.10bit)-expected262] PASSED [ 49%]
tests/test_guessit.py::test_guess[Show.Name.S01E01.DVDRip.XviD-W4F-expected263] PASSED [ 49%]
tests/test_guessit.py::test_guess[Show.Name.S01E01.DVDRip.XviD-W4F[something]-expected264] PASSED [ 49%]
tests/test_guessit.py::test_guess[Show.Name.S01E01.DVDRip.XviD.REPACK-OMiCRON-expected265] PASSED [ 49%]
tests/test_guessit.py::test_guess[Show.Name.S01E01.2008.BluRay.VC1.1080P.5.1.WMV-NOVO-expected266] PASSED [ 49%]
tests/test_guessit.py::test_guess[Show.Name.S01E02.HDTV.x264.PROPER-LOL-expected267] PASSED [ 49%]
tests/test_guessit.py::test_guess[Show.Name.S01E01.Pilot.DVDSCR.x264.PREAiR-NoGRP-expected268] PASSED [ 50%]
tests/test_guessit.py::test_guess[Show.Name.S01E01.Pilot.DVDSCR.x264.PREAiR-NoGRP[rartv]-expected269] PASSED [ 50%]
tests/test_guessit.py::test_guess[Show.Name.S01E01.Pilot.DVDSCR.x264.PREAiR-NoGRP[ettv]-expected270] PASSED [ 50%]
tests/test_guessit.py::test_guess[Show.Name.S01E01.Pilot.DVDSCR.x264.PREAiR-NoGRP[something]-expected271] PASSED [ 50%]
tests/test_guessit.py::test_guess[Show.Name.S02E01.HDTV.x264.AAC.MP4-k3n.mp4-expected272] PASSED [ 50%]
tests/test_guessit.py::test_guess[Show.Name.S03.1080p.BluRay.DTS-HD.MA.5.1.AVC.REMUX-FraMeSToR-expected273] PASSED [ 50%]
tests/test_guessit.py::test_guess[Show.Name.S01-S03.COMPLETE.720p.BluRay.x264-PtM-expected274] PASSED [ 50%]
tests/test_guessit.py::test_guess[Show.Name.S04E23.Parley.720p.HDTV.x264.DIMENSION.P00\\SNLA0423.720p.HDTV.X264-DIMENSION-expected275] PASSED [ 50%]
tests/test_guessit.py::test_guess[Show.Name.S01E03.WEB-DL.x264.HUN-nIk-expected276] PASSED [ 50%]
tests/test_guessit.py::test_guess[Show.Name.S01.720p.HDTV.x264.2xRus.Eng.Subs-Hype-expected277] PASSED [ 50%]
tests/test_guessit.py::test_guess[Show.Name.S01.DVD2.NLsubs-QoQ-expected278] PASSED [ 50%]
tests/test_guessit.py::test_guess[Show.Name.TV.Series.2016.S01.complete.480p.mp4-expected279] PASSED [ 50%]
tests/test_guessit.py::test_guess[Show.Name.S05E09.Some.Episode.Title.WS.DSR.x264-[NY2]-expected280] PASSED [ 51%]
tests/test_guessit.py::test_guess[Show.Name.S02E11.720p.HDTV.X264.RoSubbed-Grp-expected281] PASSED [ 51%]
tests/test_guessit.py::test_guess[Show.Name.S06E16.HC.SWESUB.HDTV.x264-expected282] PASSED [ 51%]
tests/test_guessit.py::test_guess[Show.Name.(s01e10).(720pHD)-expected283] PASSED [ 51%]
tests/test_guessit.py::test_guess[Show.Name.(s01e10).(1080pHD)-expected284] PASSED [ 51%]
tests/test_guessit.py::test_guess[Show.Name.S12E17.DIRFIX.HDTV.x264-Group-expected285] PASSED [ 51%]
tests/test_guessit.py::test_guess[Show.Name.S06E04.INTERNAL.HDTV.x264-GROUP-expected286] PASSED [ 51%]
tests/test_guessit.py::test_guess[Show.Name.S06E05.1080p.WEBRip.Legendado.PT-BR-expected287] PASSED [ 51%]
tests/test_guessit.py::test_guess[Show.Name.S06E05.1080p.WEBRip.Legendas.PT-BR-expected288] PASSED [ 51%]
tests/test_guessit.py::test_guess[Show.Name.S06E05.1080p.WEBRip.Legenda.PT-BR-expected289] PASSED [ 51%]
tests/test_guessit.py::test_guess[Show.Name.S06E05.1080p.WEBRip.Legendado.PT-expected290] PASSED [ 51%]
tests/test_guessit.py::test_guess[Show.Name.S02E03.720p.HDTV.x264-Belex.-.Dual.Audio.-.Dublado-expected291] PASSED [ 52%]
tests/test_guessit.py::test_guess[Show.Name.S05.1080p.BluRay.x264-Belex.-.Dual.Audio.+.Legendas-expected292] PASSED [ 52%]
tests/test_guessit.py::test_guess[Show.Name.S01E03.HDTV.Subtitulado.Esp.SC-expected293] PASSED [ 52%]
tests/test_guessit.py::test_guess[Show.Name.S01E03.HDTV.Subtitulado.Espanol.SC-expected294] PASSED [ 52%]
tests/test_guessit.py::test_guess[Show.Name.S01E03.HDTV.Subtitulado.Espa\xf1ol.SC-expected295] PASSED [ 52%]
tests/test_guessit.py::test_guess[Show.Name.S02E08.720p.WEB-DL.Subtitles-expected296] PASSED [ 52%]
tests/test_guessit.py::test_guess[Show.Name.S02E08.Subbed.720p.WEB-DL-expected297] PASSED [ 52%]
tests/test_guessit.py::test_guess[Show.Name.s01e01.german.Dubbed-expected298] PASSED [ 52%]
tests/test_guessit.py::test_guess[[AnimeRG].Show.Name.-.03.[Eng.Dubbed].[720p].[WEB-DL].[JRR]-expected299] PASSED [ 52%]
tests/test_guessit.py::test_guess[[RH].Show.Name.-.03.[English.Dubbed].[1080p]-expected300] PASSED [ 52%]
tests/test_guessit.py::test_guess[Show.Name.S05E05.HDTV.XviD-AFG.HebSubs-DownRev-expected301] PASSED [ 52%]
tests/test_guessit.py::test_guess[Show.Name.S01E06.NetflixUHD-expected302] PASSED [ 53%]
tests/test_guessit.py::test_guess[Show.Name.S01E10.480p.HDTV.x264.160MB-Micromkv-expected303] PASSED [ 53%]
tests/test_guessit.py::test_guess[Show.Name.S01E01.HDTV.x264.{133MB}{SMALL.SIZE}{POOLSTAR}-expected304] PASSED [ 53%]
tests/test_guessit.py::test_guess[/folder/Show.Name.S02E01.eps2.0.unm4sk-pt1.tc.1080p.WEB-DL.DD5.1.H264-GROUP[something]/Show.Name.S02E01.eps2.0.unm4sk-pt1.tc.1080p.WEB-DL.DD5.1.H264-GROUP.mkv-expected305] PASSED [ 53%]
tests/test_guessit.py::test_guess[Show.Name.S02E01.eps2.0.unm4sk-pt1.tc.1080p.WEB-DL.DD5.1.H264-GROUP.mkv-expected306] PASSED [ 53%]
tests/test_guessit.py::test_guess[Show.Name.S06E09.720p.HDTV.450.MB.-.iExTV-expected307] PASSED [ 53%]
tests/test_guessit.py::test_guess[Show.Name.S02E02.Episode.Title.1080p.WEB-DL.x264.5.1Ch.-.Group-expected308] PASSED [ 53%]
tests/test_guessit.py::test_guess[Show.Name.S03E08.REPACK.PROPER.HDTV.x264-GROUP-expected309] PASSED [ 53%]
tests/test_guessit.py::test_guess[[GROUP].Mobile.Suit.Gundam.Unicorn.RE.0096.-.14.[720p].mkv-expected310] PASSED [ 53%]
tests/test_guessit.py::test_guess[[Mad le Zisell] High Score Girl 2 - 01 [720p]-expected311] PASSED [ 53%]
tests/test_guessit.py::test_guess[High Score Girl 2/[Mad le Zisell] High Score Girl 2 - 01 [720p]-expected312] PASSED [ 53%]
tests/test_guessit.py::test_guess[High Score Girl/[Mad le Zisell] High Score Girl 2 - 01 [720p]-expected313] PASSED [ 54%]
tests/test_guessit.py::test_guess[Kemono.Michi.Rise.Up.E03.1080p.WEB.x264.1-URANiME-Obfuscated-expected314] PASSED [ 54%]
tests/test_guessit.py::test_guess[Kemono.Michi.Rise.Up/Kemono.Michi.Rise.Up.E03.1080p.WEB.x264.1-URANiME-Obfuscated-expected315] PASSED [ 54%]
tests/test_guessit.py::test_guess[/Anime/Mobile Suit Gundam UC RE0096/Season 01/Mobile Suit Gundam UC RE0096 - s01e15 - Title-expected316] PASSED [ 54%]
tests/test_guessit.py::test_guess[R-15.S03E04-expected317] PASSED        [ 54%]
tests/test_guessit.py::test_guess[The.Someone's.Show.**.2.**.S05E07-expected318] PASSED [ 54%]
tests/test_guessit.py::test_guess[The.Someones.Show.**.2.**.S05E07-expected319] PASSED [ 54%]
tests/test_guessit.py::test_guess[11.22.63./.11.22.63.[S01].(2016).HDTVRip.|.Group-expected320] PASSED [ 54%]
tests/test_guessit.py::test_guess[[Group].Show.Name!.Super!!.-.05.[720p][AAC].mp4.[1/6].-."[Group].Show.Name!.Super!!.-.05.[720p][AAC].mp4"-expected321] PASSED [ 54%]
tests/test_guessit.py::test_guess[[Group].Show.Name.-.05.[1080p].[01/22].-."[Group].Show.Name.-.05.[1080p].mkv.001"-expected322] PASSED [ 54%]
tests/test_guessit.py::test_guess[Show.Name.S02E20.Episode.Title.720p.HDTV.2CH.HEVC.x265-GROUP.mkv.vol003+04.PAR2.-.05.of.10..Some.Really.Strange.Phrase.Here.....(1/7)-expected323] PASSED [ 54%]
tests/test_guessit.py::test_guess[Show.Name.S01E08.Episode.Title.720p.WEBRip.HEVC.x265-GROUP.mkv.par2.-.02.of.11.(1/1)-expected324] PASSED [ 55%]
tests/test_guessit.py::test_guess[Show.Name.S01E08.Episode.Title.720p.HDTV.HEVC.x265.nzb.-.00.of.10-expected325] PASSED [ 55%]
tests/test_guessit.py::test_guess[Show.Name.S02E14.Episode.Title.720p.HDTV.HEVC.x265-GROUP.mkv.-.01.of.10.With.another.strange.phrase,.whatever.will.the."-1".Troll.do?-expected326] PASSED [ 55%]
tests/test_guessit.py::test_guess[Show.Name.3.of.3.-.Episode.Title.HDTV.x264.AC3.1080p-expected327] PASSED [ 55%]
tests/test_guessit.py::test_guess[[.160715_01.Show.Name.S01E05.720p.WEB-DL.DD5.1.H.264-Group.].--."160715_01.Show.Name.S01E05.720p.WEB-DL.DD5.1.H.264-Group.nfo"-expected328] PASSED [ 55%]
tests/test_guessit.py::test_guess[Show.Name.S02E59.WEB-DLx264-GROUP-expected329] PASSED [ 55%]
tests/test_guessit.py::test_guess[Show.Name.S12E31.Episode.Title.PDTVx264-Group-expected330] PASSED [ 55%]
tests/test_guessit.py::test_guess[Show.Name.S09E09.Episode.Title.HDTVx264-Group-expected331] PASSED [ 55%]
tests/test_guessit.py::test_guess[Show.Name.(s01e10).Episode.Title.(720pHD).mp4-[Group]-expected332] PASSED [ 55%]
tests/test_guessit.py::test_guess[/volume1/video/Series/Show Name/Season 02/Show.Name.S02E01.eps2.0_title-pt1.tc.1080p.WEB-DL.DD5.1.H.264.mkv-expected333] PASSED [ 55%]
tests/test_guessit.py::test_guess[3 Show.p\xe5.(abc2).s01e01-expected334] PASSED [ 55%]
tests/test_guessit.py::test_guess[Show '70s Name/Season 07/Show '70s Name - S07E22 - 2000 Episode Title.mkv-expected335] PASSED [ 56%]
tests/test_guessit.py::test_guess[Show.Name.S06E05.720p.HDTV.x264-GROUP-BUYMORE-expected336] PASSED [ 56%]
tests/test_guessit.py::test_guess[Show.Name.S01EP02-expected337] PASSED  [ 56%]
tests/test_guessit.py::test_guess[C:\\folder\\[GROUP]_An_Anime_Show_100_-_10_[1080p]_mkv_-_`[GROUP]_An_Anime_Show_100_-_10_[1080p]_vol03+04_par2`-expected338] PASSED [ 56%]
tests/test_guessit.py::test_guess[Show.Name.S02E06.eps2.4.m4ster-s1ave.aes.1080p.AMZN.WEBRip.DD5.1.x264-GROUP-expected339] PASSED [ 56%]
tests/test_guessit.py::test_guess[Show Name\\Season 01\\S01E24 A Touch of Glass.m4v-expected340] PASSED [ 56%]
tests/test_guessit.py::test_guess[/series/Show.Name.S10E01.1080p.HDTV.X264-GROUP[rarbg]/Show.Name.S10E01.1080p.HDTV.X264-GROUP.mkv-expected341] PASSED [ 56%]
tests/test_guessit.py::test_guess[/Show.Name.2014.S03E01.1080p.HDTV.X264-GROUP[rarbg]/Show.Name.2014.S03E01.1080p.HDTV.X264-GROUP.mkv-expected342] PASSED [ 56%]
tests/test_guessit.py::test_guess[Show Name (Season 02) [UNCENSORED] [1080p] [BD] [x265] [pseudo]-expected343] PASSED [ 56%]
tests/test_guessit.py::test_guess[Anime Show Episode 59 v2 [VOSTFR][720p][AAC].mp4-expected344] PASSED [ 56%]
tests/test_guessit.py::test_guess[My.Show.S13E22.720p.HDTV.x264-NBY.mkv-expected345] PASSED [ 56%]
tests/test_guessit.py::test_guess[[.www.site.com.].-.Show.Name.S03E02.1080p.HEVC.x265-GROUP-expected346] PASSED [ 57%]
tests/test_guessit.py::test_guess[Show.Name.S02E01.Super.Title.720p.WEB-DL.DD5.1.H.264-AG.nzb-expected347] PASSED [ 57%]
tests/test_guessit.py::test_guess[Show.Name.S01E07.Super, Title.WEB-DL 720p.br.srt-expected348] PASSED [ 57%]
tests/test_guessit.py::test_guess[Show.Name.S01E10.HDTV.x264.WEB-DL.HI.C-expected349] PASSED [ 57%]
tests/test_guessit.py::test_guess[Show Name\\Season 03\\Show Name.S03E03.SDTV-[gRoUp].mp4-expected350] PASSED [ 57%]
tests/test_guessit.py::test_guess[/Finish/[Group] Anime Super Episode 61 [VOSTFR][720p].mp4-expected351] PASSED [ 57%]
tests/test_guessit.py::test_guess[Show Name S01E06 DVD-RIP x264-S4L-expected352] PASSED [ 57%]
tests/test_guessit.py::test_guess[Show Name - S02E31 - Episode 55 (720p.HDTV)-expected353] PASSED [ 57%]
tests/test_guessit.py::test_guess[Great.Show.S01E02.Chestbun.720p.HBO.WEBRip.DD5.1.H.264-expected354] PASSED [ 57%]
tests/test_guessit.py::test_guess[Show.Name.2016.10.21.1080p.WEBRip.AAC2.0.H.264-group.mkv-expected355] PASSED [ 57%]
tests/test_guessit.py::test_guess[Show.Name.Season.1.[HD].720p.mp4.*Season.Repack*.hdtv.x264-expected356] PASSED [ 57%]
tests/test_guessit.py::test_guess[Show.Name.S2016E15.720p.HDTV.x264.Mammoth.Back.from.the.Dead-DHD.mkv-expected357] PASSED [ 58%]
tests/test_guessit.py::test_guess[Show.Name.S2016E17.720p.HDTV.x264.9.11.The.Longest.War-DHD-expected358] PASSED [ 58%]
tests/test_guessit.py::test_guess[Show.Name.S01.720p.HDTV.DD5.1.x264-GrOuP/show.name.0106.720p-group.mkv-expected359] PASSED [ 58%]
tests/test_guessit.py::test_guess[Show.Name.480i-expected360] PASSED     [ 58%]
tests/test_guessit.py::test_guess[Show.Name.S04E06.FRENCH.AHDTV.XviD-expected361] PASSED [ 58%]
tests/test_guessit.py::test_guess[Show.Name.BD.720p-expected362] PASSED  [ 58%]
tests/test_guessit.py::test_guess[Show.Name.BDRip.720p-expected363] PASSED [ 58%]
tests/test_guessit.py::test_guess[Show.Name.BD.Rip.720p-expected364] PASSED [ 58%]
tests/test_guessit.py::test_guess[Show.Name.BD-Rip.720p-expected365] PASSED [ 58%]
tests/test_guessit.py::test_guess[Show.Name.BDMux.720p-expected366] PASSED [ 58%]
tests/test_guessit.py::test_guess[Show.Name.BDRipMux.720p-expected367] PASSED [ 58%]
tests/test_guessit.py::test_guess[Show.Name.BD5.720p-expected368] PASSED [ 59%]
tests/test_guessit.py::test_guess[Show.Name.BD9.720p-expected369] PASSED [ 59%]
tests/test_guessit.py::test_guess[Show.Name.BD25.720p-expected370] PASSED [ 59%]
tests/test_guessit.py::test_guess[Show.Name.BD50.720p-expected371] PASSED [ 59%]
tests/test_guessit.py::test_guess[Show.Name.BRRip.720p-expected372] PASSED [ 59%]
tests/test_guessit.py::test_guess[Show.Name.BR.Rip.720p-expected373] PASSED [ 59%]
tests/test_guessit.py::test_guess[Show.Name.BR-Rip.720p-expected374] PASSED [ 59%]
tests/test_guessit.py::test_guess[Show.Name.BRMux.720p-expected375] PASSED [ 59%]
tests/test_guessit.py::test_guess[Show.Name.BRRipMux.720p-expected376] PASSED [ 59%]
tests/test_guessit.py::test_guess[Show Name S02E11 DVB-expected377] PASSED [ 59%]
tests/test_guessit.py::test_guess[Show Name S02E11 DVBRip-expected378] PASSED [ 59%]
tests/test_guessit.py::test_guess[Show Name 2160p-expected379] PASSED    [ 60%]
tests/test_guessit.py::test_guess[Show Name 4320p-expected380] PASSED    [ 60%]
tests/test_guessit.py::test_guess[Show.Name.-.S012E01.(16.November.2016).[PDTV.mp4].hdtv.x264-expected381] PASSED [ 60%]
tests/test_guessit.py::test_guess[Show.Name.2016.S01E01.2160p.AMZN.WEBRip.DDP5.1.x264-Group-expected382] PASSED [ 60%]
tests/test_guessit.py::test_guess[Show.Name.S07E04.Service.1080p.AMZN.WEBRip.DD+5.1.x264-expected383] PASSED [ 60%]
tests/test_guessit.py::test_guess[Show.Name.2016.09.28.Nice.Title.Extended.1080p.CC.WEBRip.AAC2.0.x264-monkee-expected384] PASSED [ 60%]
tests/test_guessit.py::test_guess[Show.Name.US.S12E20.Nice.Title.720p.CW.WEBRip.AAC2.0.x264-monkee-expected385] PASSED [ 60%]
tests/test_guessit.py::test_guess[Show.Name.2016.09.27.Nice.Title.720p.AMBC.WEBRip.AAC2.0.x264-monkee-expected386] PASSED [ 60%]
tests/test_guessit.py::test_guess[Show.Name.720p.HIST.WEBRip.AAC2.0.H.264-monkee-expected387] PASSED [ 60%]
tests/test_guessit.py::test_guess[Show.Name.2015.Nice.Title.1080p.PBS.WEBRip.AAC2.0.H264-monkee-expected388] PASSED [ 60%]
tests/test_guessit.py::test_guess[Show.Name.2016.Nice.Title.1080p.SESO.WEBRip.AAC2.0.x264-monkee-expected389] PASSED [ 60%]
tests/test_guessit.py::test_guess[Show.Name.S01E03.Nice.Title.720p.DISC.WEBRip.AAC2.0.x264-NTb-expected390] PASSED [ 61%]
tests/test_guessit.py::test_guess[Show.Name.2016.08.18.Nice.Title.720p.iP.WEBRip.AAC2.0.H.264-monkee-expected391] PASSED [ 61%]
tests/test_guessit.py::test_guess[Show.Name.S15E18.Nice.Title.720p.AE.WEBRip.AAC2.0.H.264-monkee-expected392] PASSED [ 61%]
tests/test_guessit.py::test_guess[Show.Name.S04E01.Nice.Title.1080p.AS.WEBRip.AAC2.0.H.264-monkee-expected393] PASSED [ 61%]
tests/test_guessit.py::test_guess[Show.Name.2013.S02E03.1080p.NF.WEBRip.DD5.1.x264-NTb.mkv-expected394] PASSED [ 61%]
tests/test_guessit.py::test_guess[Show.Name.2016.05.10.Nice.Title.720p.CBS.WEBRip.AAC2.0.x264-monkee-expected395] PASSED [ 61%]
tests/test_guessit.py::test_guess[NBA.2016.02.27.Team.A.vs.Team.B.720p.NBA.WEBRip.AAC2.0.H.264-monkee-expected396] PASSED [ 61%]
tests/test_guessit.py::test_guess[Show.Name.S05E04.Nice.Title.Part4.720p.EPIX.WEBRip.AAC2.0.H.264-monkee-expected397] PASSED [ 61%]
tests/test_guessit.py::test_guess[Show.Name.S41E03.Nice.Title.720p.NBC.WEBRip.AAC2.0.x264-monkee-expected398] PASSED [ 61%]
tests/test_guessit.py::test_guess[Show.Name.S01E02.Nice.Title.720p.SYFY.WEBRip.AAC2.0.x264-group-expected399] PASSED [ 61%]
tests/test_guessit.py::test_guess[Show.Name.S01E02.Nice.Title.720p.SPKE.WEBRip.AAC2.0.x264-group-expected400] PASSED [ 61%]
tests/test_guessit.py::test_guess[Show.Name.S01E02.Nice.Title.720p.IFC.WEBRip.AAC2.0.x264-group-expected401] PASSED [ 62%]
tests/test_guessit.py::test_guess[Show.Name.S01E02.Nice.Title.720p.NATG.WEBRip.AAC2.0.x264-group-expected402] PASSED [ 62%]
tests/test_guessit.py::test_guess[Show.Name.S01E02.Nice.Title.720p.NFL.WEBRip.AAC2.0.x264-group-expected403] PASSED [ 62%]
tests/test_guessit.py::test_guess[Show.Name.S01E02.Nice.Title.720p.UFC.WEBRip.AAC2.0.x264-group-expected404] PASSED [ 62%]
tests/test_guessit.py::test_guess[Show.Name.S01E02.Nice.Title.720p.TVL.WEBRip.AAC2.0.x264-group-expected405] PASSED [ 62%]
tests/test_guessit.py::test_guess[Show.Name.S01.1080p.CR.WEBRip.AAC.2.0.x264-monkee-expected406] PASSED [ 62%]
tests/test_guessit.py::test_guess[Show.Name.S01.1080p.DSNY.WEBRip.AAC.2.0.x264-monkee-expected407] PASSED [ 62%]
tests/test_guessit.py::test_guess[Show.Name.S01.1080p.NICK.WEBRip.AAC.2.0.x264-monkee-expected408] PASSED [ 62%]
tests/test_guessit.py::test_guess[Show.Name.S01.1080p.TFOU.WEBRip.AAC.2.0.x264-monkee-expected409] PASSED [ 62%]
tests/test_guessit.py::test_guess[Show.Name.S10E06.(18.November.2016).[PDTV.XviD].hdtv.x264-expected410] PASSED [ 62%]
tests/test_guessit.py::test_guess[/media/extssd/downloads/programs2/Show.Name.S01.720p.HDTV.DD5.1.x264-Group/show.name.0105.720p-group.mkv-expected411] PASSED [ 62%]
tests/test_guessit.py::test_guess[Show.Name.-.476-479.(2007).[HorribleSubs][WEBRip]..[HD.720p]-expected412] PASSED [ 63%]
tests/test_guessit.py::test_guess[Show.Name.-.07.(2016).[RH].[English.Dubbed][WEBRip]..[HD.1080p]-expected413] PASSED [ 63%]
tests/test_guessit.py::test_guess[Show!.Name.2.-.10.(2016).[HorribleSubs][WEBRip]..[HD.720p]-expected414] PASSED [ 63%]
tests/test_guessit.py::test_guess[Show.Name.S01.720p.WEBRip.DD5.1.x264-MiNiGRiP-expected415] PASSED [ 63%]
tests/test_guessit.py::test_guess[Show.Name.(2016).S01E02.HDTV.SubtituladoEsp.SC-expected416] PASSED [ 63%]
tests/test_guessit.py::test_guess[Show.Name.S01E02.HDTV.XviD.2HD.720p.HDTV.X264-expected417] PASSED [ 63%]
tests/test_guessit.py::test_guess[Show Name - 722 [HD_1280x720].mp4-expected418] PASSED [ 63%]
tests/test_guessit.py::test_guess[[Zero-Raws].Show.Name.493-498.&.500-507.(CX.1280x720.VFR.x264.AAC)-expected419] PASSED [ 63%]
tests/test_guessit.py::test_guess[[MK-Pn8].Dimension.W.-.05.[720p][Hi10][Dual][TV-Dub][EDA6E7F1]-expected420] PASSED [ 63%]
tests/test_guessit.py::test_guess[The.Walking.Dead.S07E13.720p.HDTV.x264-AVS-Scrambled/1e5e2f3464df439b92afea14932a87a4-expected421] PASSED [ 63%]
tests/test_guessit.py::test_guess[The.Walking.Dead.S07E13.720p.HDTV.x264-AVS-Obfuscated/1e5e2f3464df439b92afea14932a87a4-expected422] PASSED [ 63%]
tests/test_guessit.py::test_guess[Doctor.Estra\xf1o.HDR.VISIONPLUS.1000.[4K.UHD.2160p.HEVC.X265][BT2020][DTS-5.1.Castellano.DTS-HD.7.1-Ingles+Subs][ES-EN].x264-NEWPCT-expected423] PASSED [ 64%]
tests/test_guessit.py::test_guess[Saint.Seiya.E76.1080p.BluRay-Yomi.mkv-expected424] PASSED [ 64%]
tests/test_guessit.py::test_guess[Show.Name.Season.6.480p.HDTV.H264-20-40.WEB-DL-expected425] PASSED [ 64%]
tests/test_guessit.py::test_guess[/Comedy 23/Funny.Show.S4E19.mkv-expected426] PASSED [ 64%]
tests/test_guessit.py::test_guess[Rugrats Season 1/Rugrats - 01x01 - Tommy's First Birthday[JM].avi-expected427] PASSED [ 64%]
tests/test_guessit.py::test_guess[shes.gotta.have.it.s01e08.720p.web.x264-strife.mkv-expected428] PASSED [ 64%]
tests/test_guessit.py::test_guess[Cuerpo de Elite  - Temporada 1 [HDTV 720p][Cap.113][AC3 5.1 Esp Castellano]\\CuerpoDeElite720p_113_desca202.mkv-expected429] PASSED [ 64%]
tests/test_guessit.py::test_guess[Por Trece Razones - Temporada 2 [HDTV 720p][Cap.201][AC3 5.1 Castellano]\\Por Trece Razones 2x01 [desca202].mkv-expected430] PASSED [ 64%]
tests/test_guessit.py::test_guess[JoJo's Bizarre Adventure (2012)\\Season 02\\[HorribleSubs] JoJo's Bizarre Adventure - Stardust Crusaders - 12 [1080p].mkv-expected431] PASSED [ 64%]
tests/test_guessit.py::test_guess[VA_-_Redux_presents_The_Uplifting_Selection_Vol_1-2019-(RDXSEL026)-WEB-2019-ZzZz-expected432] PASSED [ 64%]
tests/test_guessit.py::test_guess[[Raze].Jujutsu.Kaisen-09.x265.10bit.1080p.60fps-expected433] PASSED [ 64%]
tests/test_guessit.py::test_guess[[QCE]Jujutsu.Kaisen.10.x264.AAC.720p-expected434] PASSED [ 65%]
tests/test_guessit.py::test_guess[4400.S01E01.1080p.HEVC.x265-Group.mkv-expected435] PASSED [ 65%]
tests/test_guessit.py::test_guess[/4400/Season 01/4400.S01E01.1080p.HEVC.x265-Group.mkv-expected436] PASSED [ 65%]
tests/test_guessit.py::test_guess[/1883/Season 01/1883.S01E01.REPACK.1080p.HEVC.x265-MeGusta[eztv.re].mkv-expected437] PASSED [ 65%]
tests/test_guessit.py::test_guess[/1883 (2021)/Season 01/1883 (2021) (S01E03) (2021-12-26) (1080p-AVC BluRay EAC3-6ch) River.mkv-expected438] PASSED [ 65%]
tests/test_guessit.py::test_guess[1923.S01E01.720p.WEB.h264-Group.mkv-expected439] PASSED [ 65%]
tests/test_guessit.py::test_guess[1923.2022.S01E01.720p.WEB.h264-Group.mkv-expected440] PASSED [ 65%]
tests/test_guessit.py::test_guess[/1923/Season 01/1923.S01E01.720p.WEB.h264-Group.mkv-expected441] PASSED [ 65%]
tests/test_guessit.py::test_guess[/1923 (2022)/Season 01/1923.S01E01.720p.WEB.h264-Group.mkv-expected442] PASSED [ 65%]
tests/test_guessit.py::test_guess[/1923 (2022)/Season 01/1923.(2022).S01E01.720p.WEB.h264-Group.mkv-expected443] PASSED [ 65%]
tests/test_guessit.py::test_guess[/series/9-1-1 (2018)/Season 05/9-1-1 (2018) (S05E06) (2021-11-01) (1080p-h264 BluRay AAC-2ch) Brawl in Cell Block 9-1-1.mkv-expected444] PASSED [ 65%]
tests/test_guessit.py::test_guess[[Tsundere-Raws] Tate no Yuusha no Nariagari Season 2 - 09.mkv-expected445] PASSED [ 66%]
tests/test_guessit.py::test_guess[[Erai-raws].Tate.no.Yuusha.no.Nariagari.Season.2.-.13.END.[1080p][HEVC][Multiple.Subtitle][1EB7B45D].mkv-expected446] PASSED [ 66%]
tests/test_helpers.py::test_ensure_list[p0] PASSED                       [ 66%]
tests/test_helpers.py::test_ensure_list[p1] PASSED                       [ 66%]
tests/test_helpers.py::test_ensure_list[p2] PASSED                       [ 66%]
tests/test_helpers.py::test_single_or_list[p0] PASSED                    [ 66%]
tests/test_helpers.py::test_single_or_list[p1] PASSED                    [ 66%]
tests/test_helpers.py::test_single_or_list[p2] PASSED                    [ 66%]
tests/test_helpers.py::test_single_or_list[p3] PASSED                    [ 66%]
tests/test_helpers.py::test_is_ip_private[p0] PASSED                     [ 66%]
tests/test_helpers.py::test_is_ip_private[p1] PASSED                     [ 66%]
tests/test_helpers.py::test_is_ip_private[p2] PASSED                     [ 66%]
tests/test_helpers.py::test_is_ip_private[p3] PASSED                     [ 67%]
tests/test_helpers.py::test_is_ip_private[p4] PASSED                     [ 67%]
tests/test_helpers.py::test_is_ip_private[p5] PASSED                     [ 67%]
tests/test_helpers.py::test_is_ip_private[p6] PASSED                     [ 67%]
tests/test_helpers.py::test_is_ip_private[p7] PASSED                     [ 67%]
tests/test_helpers.py::test_is_ip_private[p8] PASSED                     [ 67%]
tests/test_helpers.py::test_is_ip_private[p9] PASSED                     [ 67%]
tests/test_helpers.py::test_is_ip_private[p10] PASSED                    [ 67%]
tests/test_helpers.py::test_is_ip_private[p11] PASSED                    [ 67%]
tests/test_helpers.py::test_is_ip_private[p12] PASSED                    [ 67%]
tests/test_helpers.py::test_canonical_name[p0] PASSED                    [ 67%]
tests/test_helpers.py::test_canonical_name[p1] PASSED                    [ 68%]
tests/test_helpers.py::test_canonical_name[p2] PASSED                    [ 68%]
tests/test_imdb.py::test_imdb_cache_dir PASSED                           [ 68%]
tests/test_init.py::test_bdecode_monkeypatch[p0] PASSED                  [ 68%]
tests/test_init.py::test_bdecode_monkeypatch[p1] PASSED                  [ 68%]
tests/test_init.py::test_bdecode_monkeypatch[p2] PASSED                  [ 68%]
tests/test_init.py::test_bdecode_monkeypatch[p3] PASSED                  [ 68%]
tests/test_init.py::test_bdecode_monkeypatch[p4] PASSED                  [ 68%]
tests/test_init.py::test_bdecode_monkeypatch[p5] PASSED                  [ 68%]
tests/test_init.py::test_bdecode_monkeypatch[p6] PASSED                  [ 68%]
tests/test_issue_submitter.py::test_submit_github_issue__basic_validations[p0] PASSED [ 68%]
tests/test_issue_submitter.py::test_submit_github_issue__basic_validations[p1] PASSED [ 69%]
tests/test_issue_submitter.py::test_submit_github_issue__basic_validations[p2] PASSED [ 69%]
tests/test_issue_submitter.py::test_submit_github_issue__basic_validations[p3] PASSED [ 69%]
tests/test_issue_submitter.py::test_submit_github_issue__basic_validations[p4] PASSED [ 69%]
tests/test_issue_submitter.py::test_submit_github_issue__basic_validations[p5] PASSED [ 69%]
tests/test_issue_submitter.py::test_submit_github_issue__basic_validations[p6] PASSED [ 69%]
tests/test_issue_submitter.py::test_submit_github_issue__basic_validations[p7] PASSED [ 69%]
tests/test_issue_submitter.py::test_similar[p0] PASSED                   [ 69%]
tests/test_issue_submitter.py::test_similar[p1] PASSED                   [ 69%]
tests/test_issue_submitter.py::test_similar[p2] PASSED                   [ 69%]
tests/test_issue_submitter.py::test_similar[p3] PASSED                   [ 69%]
tests/test_issue_submitter.py::test_similar[p4] PASSED                   [ 70%]
tests/test_issue_submitter.py::test_similar[p5] PASSED                   [ 70%]
tests/test_issue_submitter.py::test_create_gist[p0] PASSED               [ 70%]
tests/test_issue_submitter.py::test_create_gist[p1] PASSED               [ 70%]
tests/test_issue_submitter.py::test_create_gist__logline_not_found PASSED [ 70%]
tests/test_issue_submitter.py::test_find_similar_issues PASSED           [ 70%]
tests/test_issue_submitter.py::test_submit_issues[p0] PASSED             [ 70%]
tests/test_issue_submitter.py::test_submit_issues[p1] PASSED             [ 70%]
tests/test_issue_submitter.py::test_submit_issues[p2] PASSED             [ 70%]
tests/test_list_associated_files.py::test_list_associated_files[p0] PASSED [ 70%]
tests/test_list_associated_files.py::test_list_associated_files[p1] PASSED [ 70%]
tests/test_list_associated_files.py::test_list_associated_files[p2] PASSED [ 71%]
tests/test_list_associated_files.py::test_list_associated_files[p3] PASSED [ 71%]
tests/test_list_associated_files.py::test_list_associated_files[p4] PASSED [ 71%]
tests/test_list_associated_files.py::test_list_associated_files[p5] PASSED [ 71%]
tests/test_list_associated_files.py::test_list_associated_files[p6] PASSED [ 71%]
tests/test_list_associated_files.py::test_list_associated_files[p7] PASSED [ 71%]
tests/test_list_associated_files.py::test_list_associated_files[p8] PASSED [ 71%]
tests/test_logger.py::TestStandardLoggingApi::test_logger__various_messages[p0] PASSED [ 71%]
tests/test_logger.py::TestStandardLoggingApi::test_logger__various_messages[p1] PASSED [ 71%]
tests/test_logger.py::TestStandardLoggingApi::test_logger__various_messages[p2] PASSED [ 71%]
tests/test_logger.py::TestStandardLoggingApi::test_logger__brace_adapter[p0] PASSED [ 71%]
tests/test_logger.py::TestStandardLoggingApi::test_logger__brace_adapter[p1] PASSED [ 72%]
tests/test_logger.py::TestStandardLoggingApi::test_logger__various_levels[debug] PASSED [ 72%]
tests/test_logger.py::TestStandardLoggingApi::test_logger__various_levels[info] PASSED [ 72%]
tests/test_logger.py::TestStandardLoggingApi::test_logger__various_levels[warn] PASSED [ 72%]
tests/test_logger.py::TestStandardLoggingApi::test_logger__various_levels[warning] PASSED [ 72%]
tests/test_logger.py::TestStandardLoggingApi::test_logger__various_levels[error] PASSED [ 72%]
tests/test_logger.py::TestStandardLoggingApi::test_logger__various_levels[exception] PASSED [ 72%]
tests/test_logger.py::TestStandardLoggingApi::test_logger__various_levels[critical] PASSED [ 72%]
tests/test_logger.py::TestStandardLoggingApi::test_logger__various_levels[fatal] PASSED [ 72%]
tests/test_logger.py::test_reverse_readlines[This is a example of log line with number {n}] PASSED [ 72%]
tests/test_logger.py::test_read_loglines PASSED                          [ 72%]
tests/test_logger.py::test_read_loglines__with_traceback PASSED          [ 73%]
tests/test_logger.py::test_from_line[p0] PASSED                          [ 73%]
tests/test_logger.py::test_from_line[p1] PASSED                          [ 73%]
tests/test_logger.py::test_from_line[p2] PASSED                          [ 73%]
tests/test_logger.py::test_from_line[p3] PASSED                          [ 73%]
tests/test_logger.py::test_from_line[p4] PASSED                          [ 73%]
tests/test_logger.py::test_filter_logline[p0] PASSED                     [ 73%]
tests/test_logger.py::test_filter_logline[p1] PASSED                     [ 73%]
tests/test_logger.py::test_filter_logline[p2] PASSED                     [ 73%]
tests/test_logger.py::test_filter_logline[p3] PASSED                     [ 73%]
tests/test_logger.py::test_filter_logline[p4] PASSED                     [ 73%]
tests/test_logger.py::test_filter_logline[p5] PASSED                     [ 74%]
tests/test_logger.py::test_filter_logline[p6] PASSED                     [ 74%]
tests/test_logger.py::test_filter_logline[p7] PASSED                     [ 74%]
tests/test_logger.py::test_get_context_loglines__without_timestamp PASSED [ 74%]
tests/test_logger.py::test_get_context_loglines PASSED                   [ 74%]
tests/test_logger.py::test_read_loglines__max_traceback_depth PASSED     [ 74%]
tests/test_logger.py::test_format_to_html PASSED                         [ 74%]
tests/test_postprocessor_parse_info.py::test_parse_info[p0] PASSED       [ 74%]
tests/test_postprocessor_parse_info.py::test_parse_info[p1] PASSED       [ 74%]
tests/test_postprocessor_parse_info.py::test_parse_info[p2] PASSED       [ 74%]
tests/test_postprocessor_parse_info.py::test_parse_info[p3] PASSED       [ 74%]
tests/test_postprocessor_parse_info.py::test_parse_info[p4] PASSED       [ 75%]
tests/test_postprocessor_parse_info.py::test_parse_info[p5] PASSED       [ 75%]
tests/test_postprocessor_parse_info.py::test_parse_info[p6] PASSED       [ 75%]
tests/test_postprocessor_parse_info.py::test_parse_info[p7] PASSED       [ 75%]
tests/test_process_tv.py::test_should_process[p0] PASSED                 [ 75%]
tests/test_process_tv.py::test_should_process[p1] PASSED                 [ 75%]
tests/test_process_tv.py::test_should_process[p2] PASSED                 [ 75%]
tests/test_process_tv.py::test_paths[p0] PASSED                          [ 75%]
tests/test_process_tv.py::test_paths[p1] PASSED                          [ 75%]
tests/test_process_tv.py::test_paths[p2] PASSED                          [ 75%]
tests/test_process_tv.py::test__get_files[p0] PASSED                     [ 75%]
tests/test_process_tv.py::test__get_files[p1] PASSED                     [ 76%]
tests/test_process_tv.py::test__get_files[p2] PASSED                     [ 76%]
tests/test_process_tv.py::test__process_postponed[p0] PASSED             [ 76%]
tests/test_process_tv.py::test__process_postponed[p1] PASSED             [ 76%]
tests/test_process_tv.py::test__process_postponed[p2] PASSED             [ 76%]
tests/test_process_tv.py::test__process_postponed[p3] PASSED             [ 76%]
tests/test_process_tv.py::test__process[p0] PASSED                       [ 76%]
tests/test_process_tv.py::test__process[p1] PASSED                       [ 76%]
tests/test_process_tv.py::test__process[p2] PASSED                       [ 76%]
tests/test_process_tv.py::test__process[p3] PASSED                       [ 76%]
tests/test_process_tv.py::test__process[p4] PASSED                       [ 76%]
tests/test_process_tv.py::test__process[p5] PASSED                       [ 77%]
tests/test_process_tv.py::test__process[p6] PASSED                       [ 77%]
tests/test_process_tv.py::test__process[p7] PASSED                       [ 77%]
tests/test_process_tv.py::test__process[p8] PASSED                       [ 77%]
tests/test_process_tv.py::test__clean_up[p0] PASSED                      [ 77%]
tests/test_process_tv.py::test__clean_up[p1] PASSED                      [ 77%]
tests/test_process_tv.py::test__clean_up[p2] PASSED                      [ 77%]
tests/test_process_tv.py::test__clean_up[p3] PASSED                      [ 77%]
tests/test_process_tv.py::test__clean_up[p4] PASSED                      [ 77%]
tests/test_process_tv.py::test__clean_up[p5] PASSED                      [ 77%]
tests/test_process_tv.py::test__clean_up[p6] PASSED                      [ 77%]
tests/test_release_refiner.py::test_refine__only_video PASSED            [ 78%]
tests/test_release_refiner.py::test_refine__with_release_name PASSED     [ 78%]
tests/test_release_refiner.py::test_refine__with_release_file PASSED     [ 78%]
tests/test_release_refiner.py::test_refine__with_release_file_with_no_content PASSED [ 78%]
tests/test_release_refiner.py::test_refine__with_non_existent_release_file PASSED [ 78%]
tests/test_release_refiner.py::test_refine__with_release_extension PASSED [ 78%]
tests/test_release_refiner.py::test_refine__precedence_with_release_file_and_release_name PASSED [ 78%]
tests/test_release_refiner.py::test_refine__precedence_with_default_release_extension_and_release_name PASSED [ 78%]
tests/test_rename_associated_file.py::test_rename_associated_file[p0] PASSED [ 78%]
tests/test_rename_associated_file.py::test_rename_associated_file[p1] PASSED [ 78%]
tests/test_rename_associated_file.py::test_rename_associated_file[p2] PASSED [ 78%]
tests/test_rename_associated_file.py::test_rename_associated_file[p3] PASSED [ 79%]
tests/test_rename_associated_file.py::test_rename_associated_file[p4] PASSED [ 79%]
tests/test_rename_associated_file.py::test_rename_associated_file[p5] PASSED [ 79%]
tests/test_rename_associated_file.py::test_rename_associated_file[p6] PASSED [ 79%]
tests/test_rename_associated_file.py::test_rename_associated_file[p7] PASSED [ 79%]
tests/test_rename_associated_file.py::test_rename_associated_file[p8] PASSED [ 79%]
tests/test_rename_associated_file.py::test_rename_associated_file[p9] PASSED [ 79%]
tests/test_rename_associated_file.py::test_rename_associated_file[p10] PASSED [ 79%]
tests/test_rename_associated_file.py::test_rename_associated_file[p11] PASSED [ 79%]
tests/test_rename_associated_file.py::test_rename_associated_file[p12] PASSED [ 79%]
tests/test_rename_associated_file.py::test_rename_associated_file[p13] PASSED [ 79%]
tests/test_rename_associated_file.py::test_rename_associated_file[p14] PASSED [ 80%]
tests/test_scene_exceptions.py::test_referesh_series PASSED              [ 80%]
tests/test_search_core.py::test_filter_results[p0] PASSED                [ 80%]
tests/test_search_core.py::test_filter_results[p1] PASSED                [ 80%]
tests/test_search_core.py::test_pick_result[p0] PASSED                   [ 80%]
tests/test_search_core.py::test_pick_result[p1] PASSED                   [ 80%]
tests/test_search_core.py::test_pick_result[p2] PASSED                   [ 80%]
tests/test_search_core.py::test_pick_result[p3] PASSED                   [ 80%]
tests/test_search_core.py::test_pick_result[p4] PASSED                   [ 80%]
tests/test_search_core.py::test_pick_result[p5] PASSED                   [ 80%]
tests/test_search_core.py::test_pick_result[p6] PASSED                   [ 80%]
tests/test_search_core.py::test_pick_result[p7] PASSED                   [ 81%]
tests/test_search_core.py::test_pick_result[p8] PASSED                   [ 81%]
tests/test_search_core.py::test_pick_result[p9] PASSED                   [ 81%]
tests/test_search_core.py::test_pick_result[p10] PASSED                  [ 81%]
tests/test_server_base.py::test_match_url[p0] PASSED                     [ 81%]
tests/test_server_base.py::test_match_url[p1] PASSED                     [ 81%]
tests/test_server_base.py::test_match_url[p2] PASSED                     [ 81%]
tests/test_server_base.py::test_match_url[p3] PASSED                     [ 81%]
tests/test_server_base.py::test_match_url[p4] PASSED                     [ 81%]
tests/test_server_base.py::test_match_url[p5] PASSED                     [ 81%]
tests/test_server_base.py::test_match_url[p6] PASSED                     [ 81%]
tests/test_server_base.py::test_match_url[p7] PASSED                     [ 82%]
tests/test_server_base.py::test_match_url[p8] PASSED                     [ 82%]
tests/test_server_base.py::test_match_url[p9] PASSED                     [ 82%]
tests/test_server_base.py::test_match_url[p10] PASSED                    [ 82%]
tests/test_server_base.py::test_match_url[p11] PASSED                    [ 82%]
tests/test_server_base.py::test_match_url[p12] PASSED                    [ 82%]
tests/test_should_process.py::test_should_process[p0] PASSED             [ 82%]
tests/test_should_process.py::test_should_process[p1] PASSED             [ 82%]
tests/test_should_process.py::test_should_process[p2] PASSED             [ 82%]
tests/test_should_process.py::test_should_process[p3] PASSED             [ 82%]
tests/test_should_process.py::test_should_process[p4] PASSED             [ 82%]
tests/test_should_process.py::test_should_process[p5] PASSED             [ 83%]
tests/test_should_process.py::test_should_process[p6] PASSED             [ 83%]
tests/test_should_process.py::test_should_process[p7] PASSED             [ 83%]
tests/test_should_replace.py::test_should_replace[p0] PASSED             [ 83%]
tests/test_should_replace.py::test_should_replace[p1] PASSED             [ 83%]
tests/test_should_replace.py::test_should_replace[p2] PASSED             [ 83%]
tests/test_should_replace.py::test_should_replace[p3] PASSED             [ 83%]
tests/test_should_replace.py::test_should_replace[p4] PASSED             [ 83%]
tests/test_should_replace.py::test_should_replace[p5] PASSED             [ 83%]
tests/test_should_replace.py::test_should_replace[p6] PASSED             [ 83%]
tests/test_should_replace.py::test_should_replace[p7] PASSED             [ 83%]
tests/test_should_replace.py::test_should_replace[p8] PASSED             [ 83%]
tests/test_should_replace.py::test_should_replace[p9] PASSED             [ 84%]
tests/test_should_replace.py::test_should_replace[p10] PASSED            [ 84%]
tests/test_should_replace.py::test_should_replace[p11] PASSED            [ 84%]
tests/test_should_replace.py::test_should_replace[p12] PASSED            [ 84%]
tests/test_should_replace.py::test_should_replace[p13] PASSED            [ 84%]
tests/test_should_replace.py::test_should_replace[p14] PASSED            [ 84%]
tests/test_should_replace.py::test_should_replace[p15] PASSED            [ 84%]
tests/test_should_replace.py::test_should_replace[p16] PASSED            [ 84%]
tests/test_should_replace.py::test_should_replace[p17] PASSED            [ 84%]
tests/test_should_replace.py::test_should_replace[p18] PASSED            [ 84%]
tests/test_should_replace.py::test_should_replace[p19] PASSED            [ 84%]
tests/test_should_replace.py::test_should_replace[p20] PASSED            [ 85%]
tests/test_should_replace.py::test_should_replace[p21] PASSED            [ 85%]
tests/test_should_replace.py::test_should_replace[p22] PASSED            [ 85%]
tests/test_should_replace.py::test_should_replace[p23] PASSED            [ 85%]
tests/test_should_replace.py::test_should_replace[p24] PASSED            [ 85%]
tests/test_should_replace.py::test_should_replace[p25] PASSED            [ 85%]
tests/test_should_replace.py::test_should_replace[p26] PASSED            [ 85%]
tests/test_should_replace.py::test_should_replace[p27] PASSED            [ 85%]
tests/test_should_replace.py::test_should_replace[p28] PASSED            [ 85%]
tests/test_should_replace.py::test_should_replace[p29] PASSED            [ 85%]
tests/test_should_replace.py::test_should_replace[p30] PASSED            [ 85%]
tests/test_should_replace.py::test_should_replace[p31] PASSED            [ 86%]
tests/test_should_replace.py::test_should_replace[p32] PASSED            [ 86%]
tests/test_should_replace.py::test_should_replace[p33] PASSED            [ 86%]
tests/test_should_replace.py::test_should_replace[p34] PASSED            [ 86%]
tests/test_should_replace.py::test_should_replace[p35] PASSED            [ 86%]
tests/test_should_replace.py::test_should_replace[p36] PASSED            [ 86%]
tests/test_should_replace.py::test_should_replace[p37] PASSED            [ 86%]
tests/test_should_replace.py::test_should_replace[p38] PASSED            [ 86%]
tests/test_should_replace.py::test_should_replace[p39] PASSED            [ 86%]
tests/test_should_replace.py::test_should_replace[p40] PASSED            [ 86%]
tests/test_should_replace.py::test_should_replace[p41] PASSED            [ 86%]
tests/test_should_replace.py::test_should_replace[p42] PASSED            [ 87%]
tests/test_should_replace.py::test_should_replace[p43] PASSED            [ 87%]
tests/test_should_replace.py::test_should_replace[p44] PASSED            [ 87%]
tests/test_should_replace.py::test_should_replace[p45] PASSED            [ 87%]
tests/test_should_search.py::test_should_search[p0] PASSED               [ 87%]
tests/test_should_search.py::test_should_search[p1] PASSED               [ 87%]
tests/test_should_search.py::test_should_search[p2] PASSED               [ 87%]
tests/test_should_search.py::test_should_search[p3] PASSED               [ 87%]
tests/test_should_search.py::test_should_search[p4] PASSED               [ 87%]
tests/test_should_search.py::test_should_search[p5] PASSED               [ 87%]
tests/test_should_search.py::test_should_search[p6] PASSED               [ 87%]
tests/test_should_search.py::test_should_search[p7] PASSED               [ 88%]
tests/test_should_search.py::test_should_search[p8] PASSED               [ 88%]
tests/test_should_search.py::test_should_search[p9] PASSED               [ 88%]
tests/test_should_search.py::test_should_search[p10] PASSED              [ 88%]
tests/test_should_search.py::test_should_search[p11] PASSED              [ 88%]
tests/test_should_search.py::test_should_search[p12] PASSED              [ 88%]
tests/test_should_search.py::test_should_search[p13] PASSED              [ 88%]
tests/test_should_search.py::test_should_search[p14] PASSED              [ 88%]
tests/test_should_search.py::test_should_search[p15] PASSED              [ 88%]
tests/test_should_search.py::test_should_search[p16] PASSED              [ 88%]
tests/test_should_search.py::test_should_search[p17] PASSED              [ 88%]
tests/test_should_search.py::test_should_search[p18] PASSED              [ 89%]
tests/test_should_search.py::test_should_search[p19] PASSED              [ 89%]
tests/test_should_search.py::test_should_search[p20] PASSED              [ 89%]
tests/test_should_search.py::test_should_search[p21] PASSED              [ 89%]
tests/test_subtitles.py::test_sorted_service_list PASSED                 [ 89%]
tests/test_subtitles.py::test_enabled_service_list PASSED                [ 89%]
tests/test_subtitles.py::test_wanted_languages__only_valid_3letter_codes PASSED [ 89%]
tests/test_subtitles.py::test_get_needed_languages__multi_enabled PASSED [ 89%]
tests/test_subtitles.py::test_get_needed_languages__multi_disabled_and_und_present PASSED [ 89%]
tests/test_subtitles.py::test_needs_subtitles__no_wanted_language PASSED [ 89%]
tests/test_subtitles.py::test_needs_subtitles__multi_enabled PASSED      [ 89%]
tests/test_subtitles.py::test_needs_subtitles__multi_enabled_with_string PASSED [ 90%]
tests/test_subtitles.py::test_needs_subtitles__multi_disabled_and_und_present PASSED [ 90%]
tests/test_subtitles.py::test_from_code__valid_code PASSED               [ 90%]
tests/test_subtitles.py::test_from_code__unknown_code PASSED             [ 90%]
tests/test_subtitles.py::test_from_code__unknown_code_returning_none PASSED [ 90%]
tests/test_subtitles.py::test_from_ietf_code__valid_code PASSED          [ 90%]
tests/test_subtitles.py::test_from_ietf_code__unknown_code PASSED        [ 90%]
tests/test_subtitles.py::test_from_ietf_code__unknown_code_returning_none PASSED [ 90%]
tests/test_subtitles.py::test_from_country_code_to_name__valid_code PASSED [ 90%]
tests/test_subtitles.py::test_from_country_code_to_name__valid_lower_code PASSED [ 90%]
tests/test_subtitles.py::test_from_country_code_to_name__invalid_code PASSED [ 90%]
tests/test_subtitles.py::test_name_from_code__valid_code PASSED          [ 91%]
tests/test_subtitles.py::test_name_from_code__unknown_code PASSED        [ 91%]
tests/test_subtitles.py::test_code_from_code__valid_2letter_code PASSED  [ 91%]
tests/test_subtitles.py::test_compute_subtitle_path__multi_with_valid_language PASSED [ 91%]
tests/test_subtitles.py::test_compute_subtitle_path__multi_with_und_language PASSED [ 91%]
tests/test_subtitles.py::test_compute_subtitle_path__single_with_valid_language PASSED [ 91%]
tests/test_subtitles.py::test_compute_subtitle_path__single_with_valid_language_and_subs_folder PASSED [ 91%]
tests/test_subtitles.py::test_merge_subtitles__with_multi_enabled PASSED [ 91%]
tests/test_subtitles.py::test_merge_subtitles__with_multi_disabled_and_multiple_new_languages PASSED [ 91%]
tests/test_subtitles.py::test_merge_subtitles__with_multi_disabled_and_single_new_language PASSED [ 91%]
tests/test_subtitles.py::test_get_min_score__with_perfect_match_enabled PASSED [ 91%]
tests/test_subtitles.py::test_get_min_score__with_perfect_match_disabled PASSED [ 92%]
tests/test_subtitles.py::test_get_subtitles_dir__no_subtitles_dir PASSED [ 92%]
tests/test_subtitles.py::test_get_subtitles_dir__absolute_subtitles_dir PASSED [ 92%]
tests/test_subtitles.py::test_get_subtitles_dir__relative_subtitles_dir PASSED [ 92%]
tests/test_subtitles.py::test_delete_unwanted_subtitles__existing_subtitles_in_unwanted_languages PASSED [ 92%]
tests/test_subtitles.py::test_delete_unwanted_subtitles__multi_disabled PASSED [ 92%]
tests/test_subtitles.py::test_delete_unwanted_subtitles__keep_only_wanted_disabled PASSED [ 92%]
tests/test_subtitles.py::test_download_subtitles[p0] PASSED              [ 92%]
tests/test_subtitles.py::test_download_subtitles[p1] PASSED              [ 92%]
tests/test_subtitles.py::test_download_subtitles[p2] PASSED              [ 92%]
tests/test_subtitles.py::test_download_subtitles[p3] PASSED              [ 92%]
tests/test_subtitles.py::test_download_subtitles[p4] PASSED              [ 93%]
tests/test_system.py::test_restart[0-False0] PASSED                      [ 93%]
tests/test_system.py::test_restart[0-False1] PASSED                      [ 93%]
tests/test_system.py::test_restart[123-False0] PASSED                    [ 93%]
tests/test_system.py::test_restart[123-False1] PASSED                    [ 93%]
tests/test_system.py::test_restart[123456-True0] PASSED                  [ 93%]
tests/test_system.py::test_restart[0-False2] PASSED                      [ 93%]
tests/test_system.py::test_restart[123-False2] PASSED                    [ 93%]
tests/test_system.py::test_restart[123456-True1] PASSED                  [ 93%]
tests/test_system.py::test_shutdown[0-False0] PASSED                     [ 93%]
tests/test_system.py::test_shutdown[0-False1] PASSED                     [ 93%]
tests/test_system.py::test_shutdown[123-False0] PASSED                   [ 94%]
tests/test_system.py::test_shutdown[123-False1] PASSED                   [ 94%]
tests/test_system.py::test_shutdown[123456-True0] PASSED                 [ 94%]
tests/test_system.py::test_shutdown[0-False2] PASSED                     [ 94%]
tests/test_system.py::test_shutdown[123-False2] PASSED                   [ 94%]
tests/test_system.py::test_shutdown[123456-True1] PASSED                 [ 94%]
tests/test_system.py::test_init PASSED                                   [ 94%]
tests/test_tv_identifiers.py::test_indexer_identifier[p0] PASSED         [ 94%]
tests/test_tv_identifiers.py::test_indexer_identifier[p1] PASSED         [ 94%]
tests/test_tv_identifiers.py::test_indexer_identifier[p2] PASSED         [ 94%]
tests/test_tv_identifiers.py::test_indexer_identifier[p3] PASSED         [ 94%]
tests/test_tv_identifiers.py::test_series_identifier[p0] PASSED          [ 95%]
tests/test_tv_identifiers.py::test_series_identifier[p1] PASSED          [ 95%]
tests/test_tv_identifiers.py::test_series_identifier[p2] PASSED          [ 95%]
tests/test_tv_identifiers.py::test_series_identifier[p3] PASSED          [ 95%]
tests/test_tv_identifiers.py::test_episode_identifier[p0] PASSED         [ 95%]
tests/test_tv_identifiers.py::test_episode_identifier[p1] PASSED         [ 95%]
tests/test_tv_identifiers.py::test_episode_identifier[p2] PASSED         [ 95%]
tests/test_tv_identifiers.py::test_episode_identifier[p3] PASSED         [ 95%]
tests/test_tv_identifiers.py::test_episode_identifier[p4] PASSED         [ 95%]
tests/test_tv_identifiers.py::test_episode_identifier[p5] PASSED         [ 95%]
tests/test_tv_identifiers.py::test_episode_identifier[p6] PASSED         [ 95%]
tests/test_tv_identifiers.py::test_episode_identifier[p7] PASSED         [ 96%]
tests/test_tv_identifiers.py::test_episode_identifier[p8] PASSED         [ 96%]
tests/test_tv_identifiers.py::test_episode_identifier[p9] PASSED         [ 96%]
tests/test_tv_identifiers.py::test_episode_identifier[p10] PASSED        [ 96%]
tests/test_tv_identifiers.py::test_episode_identifier[p11] PASSED        [ 96%]
tests/test_tv_identifiers.py::test_episode_identifier[p12] PASSED        [ 96%]
tests/test_tv_identifiers.py::test_episode_identifier[p13] PASSED        [ 96%]
tests/test_tv_identifiers.py::test_episode_identifier[p14] PASSED        [ 96%]
tests/test_tv_identifiers.py::test_episode_identifier[p15] PASSED        [ 96%]
tests/test_tv_identifiers.py::test_episode_identifier[p16] PASSED        [ 96%]
tests/test_tv_identifiers.py::test_episode_identifier[p17] PASSED        [ 96%]
tests/test_tv_identifiers.py::test_episode_identifier[p18] PASSED        [ 97%]
tests/test_tv_identifiers.py::test_episode_identifier[p19] PASSED        [ 97%]
tests/test_tv_identifiers.py::test_episode_identifier[p20] PASSED        [ 97%]
tests/test_tv_identifiers.py::test_episode_identifier[p21] PASSED        [ 97%]
tests/test_tvepisode_refiner.py::test_refine__only_video PASSED          [ 97%]
tests/test_tvepisode_refiner.py::test_refine__with_tvepisode PASSED      [ 97%]
tests/test_tvepisode_refiner.py::test_refine__video_with_ids_skipping_tvepisode_info PASSED [ 97%]
tests/test_tvepisode_refiner.py::test_refine__with_tvepisode_not_overwriting_resolution_format_and_release_group PASSED [ 97%]
tests/test_update_status_quality.py::test_update_status_quality[p0] PASSED [ 97%]
tests/test_update_status_quality.py::test_update_status_quality[p1] PASSED [ 97%]
tests/test_update_status_quality.py::test_update_status_quality[p2] PASSED [ 97%]
tests/test_update_status_quality.py::test_update_status_quality[p3] PASSED [ 98%]
tests/test_update_status_quality.py::test_update_status_quality[p4] PASSED [ 98%]
tests/test_update_status_quality.py::test_update_status_quality[p5] PASSED [ 98%]
tests/test_update_status_quality.py::test_update_status_quality[p6] PASSED [ 98%]
tests/test_update_status_quality.py::test_update_status_quality[p7] PASSED [ 98%]
tests/test_update_status_quality.py::test_update_status_quality[p8] PASSED [ 98%]
tests/test_update_status_quality.py::test_update_status_quality[p9] PASSED [ 98%]
tests/test_update_status_quality.py::test_update_status_quality[p10] PASSED [ 98%]
tests/test_update_status_quality.py::test_update_status_quality[p11] PASSED [ 98%]
tests/test_update_status_quality.py::test_update_status_quality[p12] PASSED [ 98%]
tests/test_update_status_quality.py::test_update_status_quality[p13] PASSED [ 98%]
tests/test_update_status_quality.py::test_update_status_quality[p14] PASSED [ 99%]
tests/test_update_status_quality.py::test_update_status_quality[p15] PASSED [ 99%]
tests/test_update_status_quality.py::test_update_status_quality[p16] PASSED [ 99%]
tests/test_update_status_quality.py::test_update_status_quality[p17] PASSED [ 99%]
tests/test_words.py::test_words[params0] PASSED                          [ 99%]
tests/test_words.py::test_words[params1] PASSED                          [ 99%]
tests/test_words.py::test_words[params2] XFAIL                           [ 99%]
tests/test_words.py::test_combine_ignored_words[p0] PASSED               [ 99%]
tests/test_words.py::test_combine_ignored_words[p1] PASSED               [ 99%]
tests/test_words.py::test_combine_required_words[p0] PASSED              [ 99%]
tests/test_words.py::test_combine_required_words[p1] PASSED              [ 99%]
tests/test_ws.py::test_message_class[p0] PASSED                          [100%]

=============================== warnings summary ===============================
ext/adba/aniDBAbstracter.py:183
  /home/runner/work/Medusa/Medusa/ext/adba/aniDBAbstracter.py:183: SyntaxWarning: invalid escape sequence '\('
    regex = re.compile('( \(\d{4}\))|[%s]' % re.escape(string.punctuation))  # remove any punctuation and e.g. ' (2011)'

lib/boto/__init__.py:1105
  /home/runner/work/Medusa/Medusa/lib/boto/__init__.py:1105: SyntaxWarning: invalid escape sequence '\c'
    """

lib/boto/pyami/config.py:98
  /home/runner/work/Medusa/Medusa/lib/boto/pyami/config.py:98: SyntaxWarning: invalid escape sequence '\s'
    match = re.match("^#import[\s\t]*([^\s^\t]*)[\s\t]*$", line)

lib/boto/connection.py:672
  /home/runner/work/Medusa/Medusa/lib/boto/connection.py:672: SyntaxWarning: invalid escape sequence '\w'
    '(?:(?P<user>[\w\-\.]+):(?P<pass>.*)@)?'

lib/boto/connection.py:673
  /home/runner/work/Medusa/Medusa/lib/boto/connection.py:673: SyntaxWarning: invalid escape sequence '\w'
    '(?P<host>[\w\-\.]+)'

lib/boto/connection.py:674
  /home/runner/work/Medusa/Medusa/lib/boto/connection.py:674: SyntaxWarning: invalid escape sequence '\d'
    '(?::(?P<port>\d+))?'

lib/boto/https_connection.py:80
  /home/runner/work/Medusa/Medusa/lib/boto/https_connection.py:80: SyntaxWarning: invalid escape sequence '\.'
    host_re = host.replace('.', '\.').replace('*', '[^.]*')

ext/tvdbapiv2/api_client.py:231
  /home/runner/work/Medusa/Medusa/ext/tvdbapiv2/api_client.py:231: SyntaxWarning: invalid escape sequence '\['
    sub_kls = re.match('list\[(.*)\]', klass).group(1)

ext/tvdbapiv2/api_client.py:236
  /home/runner/work/Medusa/Medusa/ext/tvdbapiv2/api_client.py:236: SyntaxWarning: invalid escape sequence '\('
    sub_kls = re.match('dict\(([^,]*), (.*)\)', klass).group(2)

ext/gntp/core.py:22
  /home/runner/work/Medusa/Medusa/ext/gntp/core.py:22: SyntaxWarning: invalid escape sequence '\d'
    'GNTP/(?P<version>\d+\.\d+) (?P<messagetype>REGISTER|NOTIFY|SUBSCRIBE|\-OK|\-ERROR)' +

ext/gntp/core.py:29
  /home/runner/work/Medusa/Medusa/ext/gntp/core.py:29: SyntaxWarning: invalid escape sequence '\d'
    'GNTP/(?P<version>\d+\.\d+) (?P<messagetype>REGISTER|NOTIFY|SUBSCRIBE|\-OK|\-ERROR)',

ext/gntp/core.py:33
  /home/runner/work/Medusa/Medusa/ext/gntp/core.py:33: SyntaxWarning: invalid escape sequence '\w'
    GNTP_HEADER = re.compile('([\w-]+):(.+)')

tests/legacy/test_lib.py:146
  /home/runner/work/Medusa/Medusa/tests/legacy/test_lib.py:146: PytestCollectionWarning: cannot collect test class 'TestDBConnection' because it has a __init__ constructor (from: tests/legacy/test_lib.py)
    class TestDBConnection(db.DBConnection, object):

tests/legacy/test_lib.py:154
  /home/runner/work/Medusa/Medusa/tests/legacy/test_lib.py:154: PytestCollectionWarning: cannot collect test class 'TestCacheDBConnection' because it has a __init__ constructor (from: tests/legacy/test_lib.py)
    class TestCacheDBConnection(TestDBConnection, object):

tests/name_parser/test_parse_anime.py:199
  /home/runner/work/Medusa/Medusa/tests/name_parser/test_parse_anime.py:199: SyntaxWarning: invalid escape sequence '\S'
    'name': u"JoJo's Bizarre Adventure (2012)\Season 02\[HorribleSubs] JoJo's Bizarre Adventure - Stardust Crusaders - 12 [1080p].mkv",

tests/test_should_search.py:11
  /home/runner/work/Medusa/Medusa/tests/test_should_search.py:11: PytestCollectionWarning: cannot collect test class 'TestTVShow' because it has a __init__ constructor (from: tests/test_should_search.py)
    class TestTVShow(Series):

tests/providers/test_search.py::test_anizb_daily_search
tests/providers/test_search.py::test_anizb_backlog_search
  /home/runner/work/Medusa/Medusa/medusa/bs4_parser.py:27: XMLParsedAsHTMLWarning: It looks like you're using an HTML parser to parse an XML document.
  
  Assuming this really is an XML document, what you're doing might work, but you should know that using an XML parser will be more reliable. To parse this document as XML, make sure you have the Python package 'lxml' installed, and pass the keyword argument `features="xml"` into the BeautifulSoup constructor.
  
  If you want or need to use an HTML parser on this document, you can make this warning go away by filtering it. To do that, run this code before calling the BeautifulSoup constructor:
  
      from bs4 import XMLParsedAsHTMLWarning
      import warnings
  
      warnings.filterwarnings("ignore", category=XMLParsedAsHTMLWarning)
  
    self.soup = BeautifulSoup(*args, **kwargs)

-- Docs: https://docs.pytest.org/en/stable/how-to/capture-warnings.html
================ 1105 passed, 1 xfailed, 18 warnings in 25.06s =================
